21:35:28 **** Incremental Build of configuration Debug for project main_stm32f411 ****
make -j4 all 
arm-none-eabi-g++ "D:/repos_temp/4WheelCar/src/Communication.cpp" -mcpu=cortex-m4 -std=gnu++14 -g3 -DQ_EVT_CTOR -DUSE_HAL_DRIVER -DSTM32F4 -DSTM32F411xE -DDEBUG -c -I../Core/Inc -I../Drivers/STM32F4xx_HAL_Driver/Inc -I../Drivers/STM32F4xx_HAL_Driver/Inc/Legacy -I../Drivers/CMSIS/Device/ST/STM32F4xx/Include -I../Drivers/CMSIS/Include -I../Middlewares/Third_Party/FreeRTOS/Source/include -I../Middlewares/Third_Party/FreeRTOS/Source/CMSIS_RTOS -I../Middlewares/Third_Party/FreeRTOS/Source/portable/GCC/ARM_CM4F -I"D:/repos_temp/4WheelCar/src" -I"D:/repos_temp/4WheelCar/src/thirdparty/devices_stm32_hal" -I"D:/repos_temp/4WheelCar/src/thirdparty/MadgwickAHRS/src" -I"D:/repos_temp/4WheelCar/src/thirdparty/mpu9250/src" -I"D:/repos_temp/4WheelCar/src/thirdparty/qpcpp/src" -I"D:/repos_temp/4WheelCar/src/thirdparty/qpcpp/ports/freertos" -I"D:/repos_temp/4WheelCar/src/thirdparty/qpcpp/include" -O1 -ffunction-sections -fdata-sections -fno-exceptions -fno-rtti -fno-threadsafe-statics -fno-use-cxa-atexit -Wall -fstack-usage -MMD -MP -MF"src/Communication.d" -MT"src/Communication.o"  -mfpu=fpv4-sp-d16 -mfloat-abi=hard -mthumb -o "src/Communication.o"
arm-none-eabi-g++ "D:/repos_temp/4WheelCar/src/IMU.cpp" -mcpu=cortex-m4 -std=gnu++14 -g3 -DQ_EVT_CTOR -DUSE_HAL_DRIVER -DSTM32F4 -DSTM32F411xE -DDEBUG -c -I../Core/Inc -I../Drivers/STM32F4xx_HAL_Driver/Inc -I../Drivers/STM32F4xx_HAL_Driver/Inc/Legacy -I../Drivers/CMSIS/Device/ST/STM32F4xx/Include -I../Drivers/CMSIS/Include -I../Middlewares/Third_Party/FreeRTOS/Source/include -I../Middlewares/Third_Party/FreeRTOS/Source/CMSIS_RTOS -I../Middlewares/Third_Party/FreeRTOS/Source/portable/GCC/ARM_CM4F -I"D:/repos_temp/4WheelCar/src" -I"D:/repos_temp/4WheelCar/src/thirdparty/devices_stm32_hal" -I"D:/repos_temp/4WheelCar/src/thirdparty/MadgwickAHRS/src" -I"D:/repos_temp/4WheelCar/src/thirdparty/mpu9250/src" -I"D:/repos_temp/4WheelCar/src/thirdparty/qpcpp/src" -I"D:/repos_temp/4WheelCar/src/thirdparty/qpcpp/ports/freertos" -I"D:/repos_temp/4WheelCar/src/thirdparty/qpcpp/include" -O1 -ffunction-sections -fdata-sections -fno-exceptions -fno-rtti -fno-threadsafe-statics -fno-use-cxa-atexit -Wall -fstack-usage -MMD -MP -MF"src/IMU.d" -MT"src/IMU.o"  -mfpu=fpv4-sp-d16 -mfloat-abi=hard -mthumb -o "src/IMU.o"
arm-none-eabi-g++ "D:/repos_temp/4WheelCar/src/main_app.cpp" -mcpu=cortex-m4 -std=gnu++14 -g3 -DQ_EVT_CTOR -DUSE_HAL_DRIVER -DSTM32F4 -DSTM32F411xE -DDEBUG -c -I../Core/Inc -I../Drivers/STM32F4xx_HAL_Driver/Inc -I../Drivers/STM32F4xx_HAL_Driver/Inc/Legacy -I../Drivers/CMSIS/Device/ST/STM32F4xx/Include -I../Drivers/CMSIS/Include -I../Middlewares/Third_Party/FreeRTOS/Source/include -I../Middlewares/Third_Party/FreeRTOS/Source/CMSIS_RTOS -I../Middlewares/Third_Party/FreeRTOS/Source/portable/GCC/ARM_CM4F -I"D:/repos_temp/4WheelCar/src" -I"D:/repos_temp/4WheelCar/src/thirdparty/devices_stm32_hal" -I"D:/repos_temp/4WheelCar/src/thirdparty/MadgwickAHRS/src" -I"D:/repos_temp/4WheelCar/src/thirdparty/mpu9250/src" -I"D:/repos_temp/4WheelCar/src/thirdparty/qpcpp/src" -I"D:/repos_temp/4WheelCar/src/thirdparty/qpcpp/ports/freertos" -I"D:/repos_temp/4WheelCar/src/thirdparty/qpcpp/include" -O1 -ffunction-sections -fdata-sections -fno-exceptions -fno-rtti -fno-threadsafe-statics -fno-use-cxa-atexit -Wall -fstack-usage -MMD -MP -MF"src/main_app.d" -MT"src/main_app.o"  -mfpu=fpv4-sp-d16 -mfloat-abi=hard -mthumb -o "src/main_app.o"
In file included from D:/repos_temp/4WheelCar/src/IMU.cpp:10:0:
D:/repos_temp/4WheelCar/src/IMU.h: In constructor 'IMU::IMU(MPU9250FIFO*)':
D:/repos_temp/4WheelCar/src/IMU.h:47:15: warning: 'IMU::mpu9250' will be initialized after [-Wreorder]
  MPU9250FIFO *mpu9250;
               ^~~~~~~
D:/repos_temp/4WheelCar/src/IMU.h:38:18: warning:   'QP::QTimeEvt IMU::m_timeEvt' [-Wreorder]
     QP::QTimeEvt m_timeEvt;
                  ^~~~~~~~~
D:/repos_temp/4WheelCar/src/IMU.cpp:16:1: warning:   when initialized here [-Wreorder]
 IMU::IMU(MPU9250FIFO *mpu9250) :
 ^~~
D:/repos_temp/4WheelCar/src/main_app.cpp: In function 'int __io_putchar(int)':
D:/repos_temp/4WheelCar/src/main_app.cpp:49:1: warning: no return statement in function returning non-void [-Wreturn-type]
 }
 ^
In file included from D:/repos_temp/4WheelCar/src/Communication.cpp:9:0:
D:/repos_temp/4WheelCar/src/Communication.h: In constructor 'Communication::Communication(UART_HandleTypeDef*, IMU*)':
D:/repos_temp/4WheelCar/src/Communication.h:19:22: warning: 'Communication::huart' will be initialized after [-Wreorder]
  UART_HandleTypeDef *huart;
                      ^~~~~
D:/repos_temp/4WheelCar/src/Communication.cpp:20:29: warning:   base 'QP::QActive' [-Wreorder]
   m_timeEvt(this, kTimer, 0U)
                             ^
D:/repos_temp/4WheelCar/src/Communication.cpp:16:1: warning:   when initialized here [-Wreorder]
 Communication::Communication(UART_HandleTypeDef *huart, IMU *imu) :
 ^~~~~~~~~~~~~
D:/repos_temp/4WheelCar/src/Communication.cpp: In member function 'void Communication::HAL_UART_RxCpltCallback(UART_HandleTypeDef*)':
D:/repos_temp/4WheelCar/src/Communication.cpp:48:7: warning: unused variable 'c' [-Wunused-variable]
  char c = recv_byte;
       ^
arm-none-eabi-g++ -o "main_stm32f411.elf" @"objects.list"   -mcpu=cortex-m4 -T"D:\repos_temp\4WheelCar\STM32CubeIDE\main_stm32f411\STM32F411CEUX_FLASH.ld" --specs=nosys.specs -Wl,-Map="main_stm32f411.map" -Wl,--gc-sections -static  -mfpu=fpv4-sp-d16 -mfloat-abi=hard -mthumb -u _printf_float -u _scanf_float -Wl,--start-group -lc -lm -lstdc++ -lsupc++ -Wl,--end-group
Finished building target: main_stm32f411.elf
 
arm-none-eabi-objdump -h -S  main_stm32f411.elf  > "main_stm32f411.list"
arm-none-eabi-objcopy  -O binary  main_stm32f411.elf  "main_stm32f411.bin"
arm-none-eabi-size   main_stm32f411.elf 
   text	   data	    bss	    dec	    hex	filename
 103700	   2528	  14608	 120836	  1d804	main_stm32f411.elf
Finished building: default.size.stdout
 
Finished building: main_stm32f411.bin
 
Finished building: main_stm32f411.list
 
21:35:39 **** Incremental Build of configuration Debug for project main_stm32f411 ****
make -j4 all 
arm-none-eabi-size   main_stm32f411.elf 
   text	   data	    bss	    dec	    hex	filename
 103700	   2528	  14608	 120836	  1d804	main_stm32f411.elf
Finished building: default.size.stdout
 
21:37:21 **** Incremental Build of configuration Debug for project main_stm32f411 ****
make -j4 all 
arm-none-eabi-g++ "D:/repos_temp/4WheelCar/src/IMU.cpp" -mcpu=cortex-m4 -std=gnu++14 -g3 -DQ_EVT_CTOR -DUSE_HAL_DRIVER -DSTM32F4 -DSTM32F411xE -DDEBUG -c -I../Core/Inc -I../Drivers/STM32F4xx_HAL_Driver/Inc -I../Drivers/STM32F4xx_HAL_Driver/Inc/Legacy -I../Drivers/CMSIS/Device/ST/STM32F4xx/Include -I../Drivers/CMSIS/Include -I../Middlewares/Third_Party/FreeRTOS/Source/include -I../Middlewares/Third_Party/FreeRTOS/Source/CMSIS_RTOS -I../Middlewares/Third_Party/FreeRTOS/Source/portable/GCC/ARM_CM4F -I"D:/repos_temp/4WheelCar/src" -I"D:/repos_temp/4WheelCar/src/thirdparty/devices_stm32_hal" -I"D:/repos_temp/4WheelCar/src/thirdparty/MadgwickAHRS/src" -I"D:/repos_temp/4WheelCar/src/thirdparty/mpu9250/src" -I"D:/repos_temp/4WheelCar/src/thirdparty/qpcpp/src" -I"D:/repos_temp/4WheelCar/src/thirdparty/qpcpp/ports/freertos" -I"D:/repos_temp/4WheelCar/src/thirdparty/qpcpp/include" -O1 -ffunction-sections -fdata-sections -fno-exceptions -fno-rtti -fno-threadsafe-statics -fno-use-cxa-atexit -Wall -fstack-usage -MMD -MP -MF"src/IMU.d" -MT"src/IMU.o"  -mfpu=fpv4-sp-d16 -mfloat-abi=hard -mthumb -o "src/IMU.o"
In file included from D:/repos_temp/4WheelCar/src/IMU.cpp:10:0:
D:/repos_temp/4WheelCar/src/IMU.h: In constructor 'IMU::IMU(MPU9250FIFO*)':
D:/repos_temp/4WheelCar/src/IMU.h:47:15: warning: 'IMU::mpu9250' will be initialized after [-Wreorder]
  MPU9250FIFO *mpu9250;
               ^~~~~~~
D:/repos_temp/4WheelCar/src/IMU.h:38:18: warning:   'QP::QTimeEvt IMU::m_timeEvt' [-Wreorder]
     QP::QTimeEvt m_timeEvt;
                  ^~~~~~~~~
D:/repos_temp/4WheelCar/src/IMU.cpp:16:1: warning:   when initialized here [-Wreorder]
 IMU::IMU(MPU9250FIFO *mpu9250) :
 ^~~
arm-none-eabi-g++ -o "main_stm32f411.elf" @"objects.list"   -mcpu=cortex-m4 -T"D:\repos_temp\4WheelCar\STM32CubeIDE\main_stm32f411\STM32F411CEUX_FLASH.ld" --specs=nosys.specs -Wl,-Map="main_stm32f411.map" -Wl,--gc-sections -static  -mfpu=fpv4-sp-d16 -mfloat-abi=hard -mthumb -u _printf_float -u _scanf_float -Wl,--start-group -lc -lm -lstdc++ -lsupc++ -Wl,--end-group
Finished building target: main_stm32f411.elf
 
arm-none-eabi-objdump -h -S  main_stm32f411.elf  > "main_stm32f411.list"
arm-none-eabi-objcopy  -O binary  main_stm32f411.elf  "main_stm32f411.bin"
arm-none-eabi-size   main_stm32f411.elf 
   text	   data	    bss	    dec	    hex	filename
 103700	   2528	  14608	 120836	  1d804	main_stm32f411.elf
Finished building: default.size.stdout
Finished building: main_stm32f411.bin
 
 
Finished building: main_stm32f411.list
 
21:40:19 **** Incremental Build of configuration Debug for project main_stm32f411 ****
make -j4 all 
arm-none-eabi-g++ "D:/repos_temp/4WheelCar/src/main_app.cpp" -mcpu=cortex-m4 -std=gnu++14 -g3 -DQ_EVT_CTOR -DUSE_HAL_DRIVER -DSTM32F4 -DSTM32F411xE -DDEBUG -c -I../Core/Inc -I../Drivers/STM32F4xx_HAL_Driver/Inc -I../Drivers/STM32F4xx_HAL_Driver/Inc/Legacy -I../Drivers/CMSIS/Device/ST/STM32F4xx/Include -I../Drivers/CMSIS/Include -I../Middlewares/Third_Party/FreeRTOS/Source/include -I../Middlewares/Third_Party/FreeRTOS/Source/CMSIS_RTOS -I../Middlewares/Third_Party/FreeRTOS/Source/portable/GCC/ARM_CM4F -I"D:/repos_temp/4WheelCar/src" -I"D:/repos_temp/4WheelCar/src/thirdparty/devices_stm32_hal" -I"D:/repos_temp/4WheelCar/src/thirdparty/MadgwickAHRS/src" -I"D:/repos_temp/4WheelCar/src/thirdparty/mpu9250/src" -I"D:/repos_temp/4WheelCar/src/thirdparty/qpcpp/src" -I"D:/repos_temp/4WheelCar/src/thirdparty/qpcpp/ports/freertos" -I"D:/repos_temp/4WheelCar/src/thirdparty/qpcpp/include" -O1 -ffunction-sections -fdata-sections -fno-exceptions -fno-rtti -fno-threadsafe-statics -fno-use-cxa-atexit -Wall -fstack-usage -MMD -MP -MF"src/main_app.d" -MT"src/main_app.o"  -mfpu=fpv4-sp-d16 -mfloat-abi=hard -mthumb -o "src/main_app.o"
D:/repos_temp/4WheelCar/src/main_app.cpp: In function 'int __io_putchar(int)':
D:/repos_temp/4WheelCar/src/main_app.cpp:49:1: warning: no return statement in function returning non-void [-Wreturn-type]
 }
 ^
arm-none-eabi-g++ -o "main_stm32f411.elf" @"objects.list"   -mcpu=cortex-m4 -T"D:\repos_temp\4WheelCar\STM32CubeIDE\main_stm32f411\STM32F411CEUX_FLASH.ld" --specs=nosys.specs -Wl,-Map="main_stm32f411.map" -Wl,--gc-sections -static  -mfpu=fpv4-sp-d16 -mfloat-abi=hard -mthumb -u _printf_float -u _scanf_float -Wl,--start-group -lc -lm -lstdc++ -lsupc++ -Wl,--end-group
Finished building target: main_stm32f411.elf
 
arm-none-eabi-objdump -h -S  main_stm32f411.elf  > "main_stm32f411.list"
arm-none-eabi-objcopy  -O binary  main_stm32f411.elf  "main_stm32f411.bin"
arm-none-eabi-size   main_stm32f411.elf 
   text	   data	    bss	    dec	    hex	filename
 103700	   2528	  14608	 120836	  1d804	main_stm32f411.elf
Finished building: default.size.stdout
 
Finished building: main_stm32f411.bin
 
Finished building: main_stm32f411.list
 
21:45:13 **** Incremental Build of configuration Debug for project main_stm32f411 ****
make -j4 all 
arm-none-eabi-g++ "D:/repos_temp/4WheelCar/src/IMU.cpp" -mcpu=cortex-m4 -std=gnu++14 -g3 -DQ_EVT_CTOR -DUSE_HAL_DRIVER -DSTM32F4 -DSTM32F411xE -DDEBUG -c -I../Core/Inc -I../Drivers/STM32F4xx_HAL_Driver/Inc -I../Drivers/STM32F4xx_HAL_Driver/Inc/Legacy -I../Drivers/CMSIS/Device/ST/STM32F4xx/Include -I../Drivers/CMSIS/Include -I../Middlewares/Third_Party/FreeRTOS/Source/include -I../Middlewares/Third_Party/FreeRTOS/Source/CMSIS_RTOS -I../Middlewares/Third_Party/FreeRTOS/Source/portable/GCC/ARM_CM4F -I"D:/repos_temp/4WheelCar/src" -I"D:/repos_temp/4WheelCar/src/thirdparty/devices_stm32_hal" -I"D:/repos_temp/4WheelCar/src/thirdparty/MadgwickAHRS/src" -I"D:/repos_temp/4WheelCar/src/thirdparty/mpu9250/src" -I"D:/repos_temp/4WheelCar/src/thirdparty/qpcpp/src" -I"D:/repos_temp/4WheelCar/src/thirdparty/qpcpp/ports/freertos" -I"D:/repos_temp/4WheelCar/src/thirdparty/qpcpp/include" -O1 -ffunction-sections -fdata-sections -fno-exceptions -fno-rtti -fno-threadsafe-statics -fno-use-cxa-atexit -Wall -fstack-usage -MMD -MP -MF"src/IMU.d" -MT"src/IMU.o"  -mfpu=fpv4-sp-d16 -mfloat-abi=hard -mthumb -o "src/IMU.o"
In file included from D:/repos_temp/4WheelCar/src/IMU.cpp:10:0:
D:/repos_temp/4WheelCar/src/IMU.h: In constructor 'IMU::IMU(MPU9250FIFO*)':
D:/repos_temp/4WheelCar/src/IMU.h:47:15: warning: 'IMU::mpu9250' will be initialized after [-Wreorder]
  MPU9250FIFO *mpu9250;
               ^~~~~~~
D:/repos_temp/4WheelCar/src/IMU.h:38:18: warning:   'QP::QTimeEvt IMU::m_timeEvt' [-Wreorder]
     QP::QTimeEvt m_timeEvt;
                  ^~~~~~~~~
D:/repos_temp/4WheelCar/src/IMU.cpp:16:1: warning:   when initialized here [-Wreorder]
 IMU::IMU(MPU9250FIFO *mpu9250) :
 ^~~
arm-none-eabi-g++ -o "main_stm32f411.elf" @"objects.list"   -mcpu=cortex-m4 -T"D:\repos_temp\4WheelCar\STM32CubeIDE\main_stm32f411\STM32F411CEUX_FLASH.ld" --specs=nosys.specs -Wl,-Map="main_stm32f411.map" -Wl,--gc-sections -static  -mfpu=fpv4-sp-d16 -mfloat-abi=hard -mthumb -u _printf_float -u _scanf_float -Wl,--start-group -lc -lm -lstdc++ -lsupc++ -Wl,--end-group
Finished building target: main_stm32f411.elf
 
arm-none-eabi-objdump -h -S  main_stm32f411.elf  > "main_stm32f411.list"
arm-none-eabi-objcopy  -O binary  main_stm32f411.elf  "main_stm32f411.bin"
arm-none-eabi-size   main_stm32f411.elf 
   text	   data	    bss	    dec	    hex	filename
 103700	   2528	  14608	 120836	  1d804	main_stm32f411.elf
Finished building: default.size.stdout
Finished building: main_stm32f411.bin
 
 
Finished building: main_stm32f411.list
 
21:47:04 **** Incremental Build of configuration Debug for project main_stm32f411 ****
make -j4 all 
arm-none-eabi-g++ "D:/repos_temp/4WheelCar/src/thirdparty/qpcpp/src/qf/qf_act.cpp" -mcpu=cortex-m4 -std=gnu++14 -g3 -DQ_EVT_CTOR -DUSE_HAL_DRIVER -DSTM32F4 -DSTM32F411xE -DDEBUG -c -I../Core/Inc -I../Drivers/STM32F4xx_HAL_Driver/Inc -I../Drivers/STM32F4xx_HAL_Driver/Inc/Legacy -I../Drivers/CMSIS/Device/ST/STM32F4xx/Include -I../Drivers/CMSIS/Include -I../Middlewares/Third_Party/FreeRTOS/Source/include -I../Middlewares/Third_Party/FreeRTOS/Source/CMSIS_RTOS -I../Middlewares/Third_Party/FreeRTOS/Source/portable/GCC/ARM_CM4F -I"D:/repos_temp/4WheelCar/src" -I"D:/repos_temp/4WheelCar/src/thirdparty/devices_stm32_hal" -I"D:/repos_temp/4WheelCar/src/thirdparty/MadgwickAHRS/src" -I"D:/repos_temp/4WheelCar/src/thirdparty/mpu9250/src" -I"D:/repos_temp/4WheelCar/src/thirdparty/qpcpp/src" -I"D:/repos_temp/4WheelCar/src/thirdparty/qpcpp/ports/freertos" -I"D:/repos_temp/4WheelCar/src/thirdparty/qpcpp/include" -O1 -ffunction-sections -fdata-sections -fno-exceptions -fno-rtti -fno-threadsafe-statics -fno-use-cxa-atexit -Wall -fstack-usage -MMD -MP -MF"src/thirdparty/qpcpp/src/qf/qf_act.d" -MT"src/thirdparty/qpcpp/src/qf/qf_act.o"  -mfpu=fpv4-sp-d16 -mfloat-abi=hard -mthumb -o "src/thirdparty/qpcpp/src/qf/qf_act.o"
arm-none-eabi-g++ "D:/repos_temp/4WheelCar/src/thirdparty/qpcpp/src/qf/qf_actq.cpp" -mcpu=cortex-m4 -std=gnu++14 -g3 -DQ_EVT_CTOR -DUSE_HAL_DRIVER -DSTM32F4 -DSTM32F411xE -DDEBUG -c -I../Core/Inc -I../Drivers/STM32F4xx_HAL_Driver/Inc -I../Drivers/STM32F4xx_HAL_Driver/Inc/Legacy -I../Drivers/CMSIS/Device/ST/STM32F4xx/Include -I../Drivers/CMSIS/Include -I../Middlewares/Third_Party/FreeRTOS/Source/include -I../Middlewares/Third_Party/FreeRTOS/Source/CMSIS_RTOS -I../Middlewares/Third_Party/FreeRTOS/Source/portable/GCC/ARM_CM4F -I"D:/repos_temp/4WheelCar/src" -I"D:/repos_temp/4WheelCar/src/thirdparty/devices_stm32_hal" -I"D:/repos_temp/4WheelCar/src/thirdparty/MadgwickAHRS/src" -I"D:/repos_temp/4WheelCar/src/thirdparty/mpu9250/src" -I"D:/repos_temp/4WheelCar/src/thirdparty/qpcpp/src" -I"D:/repos_temp/4WheelCar/src/thirdparty/qpcpp/ports/freertos" -I"D:/repos_temp/4WheelCar/src/thirdparty/qpcpp/include" -O1 -ffunction-sections -fdata-sections -fno-exceptions -fno-rtti -fno-threadsafe-statics -fno-use-cxa-atexit -Wall -fstack-usage -MMD -MP -MF"src/thirdparty/qpcpp/src/qf/qf_actq.d" -MT"src/thirdparty/qpcpp/src/qf/qf_actq.o"  -mfpu=fpv4-sp-d16 -mfloat-abi=hard -mthumb -o "src/thirdparty/qpcpp/src/qf/qf_actq.o"
arm-none-eabi-g++ "D:/repos_temp/4WheelCar/src/thirdparty/qpcpp/src/qf/qf_defer.cpp" -mcpu=cortex-m4 -std=gnu++14 -g3 -DQ_EVT_CTOR -DUSE_HAL_DRIVER -DSTM32F4 -DSTM32F411xE -DDEBUG -c -I../Core/Inc -I../Drivers/STM32F4xx_HAL_Driver/Inc -I../Drivers/STM32F4xx_HAL_Driver/Inc/Legacy -I../Drivers/CMSIS/Device/ST/STM32F4xx/Include -I../Drivers/CMSIS/Include -I../Middlewares/Third_Party/FreeRTOS/Source/include -I../Middlewares/Third_Party/FreeRTOS/Source/CMSIS_RTOS -I../Middlewares/Third_Party/FreeRTOS/Source/portable/GCC/ARM_CM4F -I"D:/repos_temp/4WheelCar/src" -I"D:/repos_temp/4WheelCar/src/thirdparty/devices_stm32_hal" -I"D:/repos_temp/4WheelCar/src/thirdparty/MadgwickAHRS/src" -I"D:/repos_temp/4WheelCar/src/thirdparty/mpu9250/src" -I"D:/repos_temp/4WheelCar/src/thirdparty/qpcpp/src" -I"D:/repos_temp/4WheelCar/src/thirdparty/qpcpp/ports/freertos" -I"D:/repos_temp/4WheelCar/src/thirdparty/qpcpp/include" -O1 -ffunction-sections -fdata-sections -fno-exceptions -fno-rtti -fno-threadsafe-statics -fno-use-cxa-atexit -Wall -fstack-usage -MMD -MP -MF"src/thirdparty/qpcpp/src/qf/qf_defer.d" -MT"src/thirdparty/qpcpp/src/qf/qf_defer.o"  -mfpu=fpv4-sp-d16 -mfloat-abi=hard -mthumb -o "src/thirdparty/qpcpp/src/qf/qf_defer.o"
arm-none-eabi-g++ "D:/repos_temp/4WheelCar/src/thirdparty/qpcpp/src/qf/qf_dyn.cpp" -mcpu=cortex-m4 -std=gnu++14 -g3 -DQ_EVT_CTOR -DUSE_HAL_DRIVER -DSTM32F4 -DSTM32F411xE -DDEBUG -c -I../Core/Inc -I../Drivers/STM32F4xx_HAL_Driver/Inc -I../Drivers/STM32F4xx_HAL_Driver/Inc/Legacy -I../Drivers/CMSIS/Device/ST/STM32F4xx/Include -I../Drivers/CMSIS/Include -I../Middlewares/Third_Party/FreeRTOS/Source/include -I../Middlewares/Third_Party/FreeRTOS/Source/CMSIS_RTOS -I../Middlewares/Third_Party/FreeRTOS/Source/portable/GCC/ARM_CM4F -I"D:/repos_temp/4WheelCar/src" -I"D:/repos_temp/4WheelCar/src/thirdparty/devices_stm32_hal" -I"D:/repos_temp/4WheelCar/src/thirdparty/MadgwickAHRS/src" -I"D:/repos_temp/4WheelCar/src/thirdparty/mpu9250/src" -I"D:/repos_temp/4WheelCar/src/thirdparty/qpcpp/src" -I"D:/repos_temp/4WheelCar/src/thirdparty/qpcpp/ports/freertos" -I"D:/repos_temp/4WheelCar/src/thirdparty/qpcpp/include" -O1 -ffunction-sections -fdata-sections -fno-exceptions -fno-rtti -fno-threadsafe-statics -fno-use-cxa-atexit -Wall -fstack-usage -MMD -MP -MF"src/thirdparty/qpcpp/src/qf/qf_dyn.d" -MT"src/thirdparty/qpcpp/src/qf/qf_dyn.o"  -mfpu=fpv4-sp-d16 -mfloat-abi=hard -mthumb -o "src/thirdparty/qpcpp/src/qf/qf_dyn.o"
arm-none-eabi-g++ "D:/repos_temp/4WheelCar/src/thirdparty/qpcpp/src/qf/qf_mem.cpp" -mcpu=cortex-m4 -std=gnu++14 -g3 -DQ_EVT_CTOR -DUSE_HAL_DRIVER -DSTM32F4 -DSTM32F411xE -DDEBUG -c -I../Core/Inc -I../Drivers/STM32F4xx_HAL_Driver/Inc -I../Drivers/STM32F4xx_HAL_Driver/Inc/Legacy -I../Drivers/CMSIS/Device/ST/STM32F4xx/Include -I../Drivers/CMSIS/Include -I../Middlewares/Third_Party/FreeRTOS/Source/include -I../Middlewares/Third_Party/FreeRTOS/Source/CMSIS_RTOS -I../Middlewares/Third_Party/FreeRTOS/Source/portable/GCC/ARM_CM4F -I"D:/repos_temp/4WheelCar/src" -I"D:/repos_temp/4WheelCar/src/thirdparty/devices_stm32_hal" -I"D:/repos_temp/4WheelCar/src/thirdparty/MadgwickAHRS/src" -I"D:/repos_temp/4WheelCar/src/thirdparty/mpu9250/src" -I"D:/repos_temp/4WheelCar/src/thirdparty/qpcpp/src" -I"D:/repos_temp/4WheelCar/src/thirdparty/qpcpp/ports/freertos" -I"D:/repos_temp/4WheelCar/src/thirdparty/qpcpp/include" -O1 -ffunction-sections -fdata-sections -fno-exceptions -fno-rtti -fno-threadsafe-statics -fno-use-cxa-atexit -Wall -fstack-usage -MMD -MP -MF"src/thirdparty/qpcpp/src/qf/qf_mem.d" -MT"src/thirdparty/qpcpp/src/qf/qf_mem.o"  -mfpu=fpv4-sp-d16 -mfloat-abi=hard -mthumb -o "src/thirdparty/qpcpp/src/qf/qf_mem.o"
arm-none-eabi-g++ "D:/repos_temp/4WheelCar/src/thirdparty/qpcpp/src/qf/qf_ps.cpp" -mcpu=cortex-m4 -std=gnu++14 -g3 -DQ_EVT_CTOR -DUSE_HAL_DRIVER -DSTM32F4 -DSTM32F411xE -DDEBUG -c -I../Core/Inc -I../Drivers/STM32F4xx_HAL_Driver/Inc -I../Drivers/STM32F4xx_HAL_Driver/Inc/Legacy -I../Drivers/CMSIS/Device/ST/STM32F4xx/Include -I../Drivers/CMSIS/Include -I../Middlewares/Third_Party/FreeRTOS/Source/include -I../Middlewares/Third_Party/FreeRTOS/Source/CMSIS_RTOS -I../Middlewares/Third_Party/FreeRTOS/Source/portable/GCC/ARM_CM4F -I"D:/repos_temp/4WheelCar/src" -I"D:/repos_temp/4WheelCar/src/thirdparty/devices_stm32_hal" -I"D:/repos_temp/4WheelCar/src/thirdparty/MadgwickAHRS/src" -I"D:/repos_temp/4WheelCar/src/thirdparty/mpu9250/src" -I"D:/repos_temp/4WheelCar/src/thirdparty/qpcpp/src" -I"D:/repos_temp/4WheelCar/src/thirdparty/qpcpp/ports/freertos" -I"D:/repos_temp/4WheelCar/src/thirdparty/qpcpp/include" -O1 -ffunction-sections -fdata-sections -fno-exceptions -fno-rtti -fno-threadsafe-statics -fno-use-cxa-atexit -Wall -fstack-usage -MMD -MP -MF"src/thirdparty/qpcpp/src/qf/qf_ps.d" -MT"src/thirdparty/qpcpp/src/qf/qf_ps.o"  -mfpu=fpv4-sp-d16 -mfloat-abi=hard -mthumb -o "src/thirdparty/qpcpp/src/qf/qf_ps.o"
arm-none-eabi-g++ "D:/repos_temp/4WheelCar/src/thirdparty/qpcpp/src/qf/qf_qact.cpp" -mcpu=cortex-m4 -std=gnu++14 -g3 -DQ_EVT_CTOR -DUSE_HAL_DRIVER -DSTM32F4 -DSTM32F411xE -DDEBUG -c -I../Core/Inc -I../Drivers/STM32F4xx_HAL_Driver/Inc -I../Drivers/STM32F4xx_HAL_Driver/Inc/Legacy -I../Drivers/CMSIS/Device/ST/STM32F4xx/Include -I../Drivers/CMSIS/Include -I../Middlewares/Third_Party/FreeRTOS/Source/include -I../Middlewares/Third_Party/FreeRTOS/Source/CMSIS_RTOS -I../Middlewares/Third_Party/FreeRTOS/Source/portable/GCC/ARM_CM4F -I"D:/repos_temp/4WheelCar/src" -I"D:/repos_temp/4WheelCar/src/thirdparty/devices_stm32_hal" -I"D:/repos_temp/4WheelCar/src/thirdparty/MadgwickAHRS/src" -I"D:/repos_temp/4WheelCar/src/thirdparty/mpu9250/src" -I"D:/repos_temp/4WheelCar/src/thirdparty/qpcpp/src" -I"D:/repos_temp/4WheelCar/src/thirdparty/qpcpp/ports/freertos" -I"D:/repos_temp/4WheelCar/src/thirdparty/qpcpp/include" -O1 -ffunction-sections -fdata-sections -fno-exceptions -fno-rtti -fno-threadsafe-statics -fno-use-cxa-atexit -Wall -fstack-usage -MMD -MP -MF"src/thirdparty/qpcpp/src/qf/qf_qact.d" -MT"src/thirdparty/qpcpp/src/qf/qf_qact.o"  -mfpu=fpv4-sp-d16 -mfloat-abi=hard -mthumb -o "src/thirdparty/qpcpp/src/qf/qf_qact.o"
arm-none-eabi-g++ "D:/repos_temp/4WheelCar/src/thirdparty/qpcpp/src/qf/qf_qeq.cpp" -mcpu=cortex-m4 -std=gnu++14 -g3 -DQ_EVT_CTOR -DUSE_HAL_DRIVER -DSTM32F4 -DSTM32F411xE -DDEBUG -c -I../Core/Inc -I../Drivers/STM32F4xx_HAL_Driver/Inc -I../Drivers/STM32F4xx_HAL_Driver/Inc/Legacy -I../Drivers/CMSIS/Device/ST/STM32F4xx/Include -I../Drivers/CMSIS/Include -I../Middlewares/Third_Party/FreeRTOS/Source/include -I../Middlewares/Third_Party/FreeRTOS/Source/CMSIS_RTOS -I../Middlewares/Third_Party/FreeRTOS/Source/portable/GCC/ARM_CM4F -I"D:/repos_temp/4WheelCar/src" -I"D:/repos_temp/4WheelCar/src/thirdparty/devices_stm32_hal" -I"D:/repos_temp/4WheelCar/src/thirdparty/MadgwickAHRS/src" -I"D:/repos_temp/4WheelCar/src/thirdparty/mpu9250/src" -I"D:/repos_temp/4WheelCar/src/thirdparty/qpcpp/src" -I"D:/repos_temp/4WheelCar/src/thirdparty/qpcpp/ports/freertos" -I"D:/repos_temp/4WheelCar/src/thirdparty/qpcpp/include" -O1 -ffunction-sections -fdata-sections -fno-exceptions -fno-rtti -fno-threadsafe-statics -fno-use-cxa-atexit -Wall -fstack-usage -MMD -MP -MF"src/thirdparty/qpcpp/src/qf/qf_qeq.d" -MT"src/thirdparty/qpcpp/src/qf/qf_qeq.o"  -mfpu=fpv4-sp-d16 -mfloat-abi=hard -mthumb -o "src/thirdparty/qpcpp/src/qf/qf_qeq.o"
arm-none-eabi-g++ "D:/repos_temp/4WheelCar/src/thirdparty/qpcpp/src/qf/qf_qmact.cpp" -mcpu=cortex-m4 -std=gnu++14 -g3 -DQ_EVT_CTOR -DUSE_HAL_DRIVER -DSTM32F4 -DSTM32F411xE -DDEBUG -c -I../Core/Inc -I../Drivers/STM32F4xx_HAL_Driver/Inc -I../Drivers/STM32F4xx_HAL_Driver/Inc/Legacy -I../Drivers/CMSIS/Device/ST/STM32F4xx/Include -I../Drivers/CMSIS/Include -I../Middlewares/Third_Party/FreeRTOS/Source/include -I../Middlewares/Third_Party/FreeRTOS/Source/CMSIS_RTOS -I../Middlewares/Third_Party/FreeRTOS/Source/portable/GCC/ARM_CM4F -I"D:/repos_temp/4WheelCar/src" -I"D:/repos_temp/4WheelCar/src/thirdparty/devices_stm32_hal" -I"D:/repos_temp/4WheelCar/src/thirdparty/MadgwickAHRS/src" -I"D:/repos_temp/4WheelCar/src/thirdparty/mpu9250/src" -I"D:/repos_temp/4WheelCar/src/thirdparty/qpcpp/src" -I"D:/repos_temp/4WheelCar/src/thirdparty/qpcpp/ports/freertos" -I"D:/repos_temp/4WheelCar/src/thirdparty/qpcpp/include" -O1 -ffunction-sections -fdata-sections -fno-exceptions -fno-rtti -fno-threadsafe-statics -fno-use-cxa-atexit -Wall -fstack-usage -MMD -MP -MF"src/thirdparty/qpcpp/src/qf/qf_qmact.d" -MT"src/thirdparty/qpcpp/src/qf/qf_qmact.o"  -mfpu=fpv4-sp-d16 -mfloat-abi=hard -mthumb -o "src/thirdparty/qpcpp/src/qf/qf_qmact.o"
arm-none-eabi-g++ "D:/repos_temp/4WheelCar/src/thirdparty/qpcpp/src/qf/qf_time.cpp" -mcpu=cortex-m4 -std=gnu++14 -g3 -DQ_EVT_CTOR -DUSE_HAL_DRIVER -DSTM32F4 -DSTM32F411xE -DDEBUG -c -I../Core/Inc -I../Drivers/STM32F4xx_HAL_Driver/Inc -I../Drivers/STM32F4xx_HAL_Driver/Inc/Legacy -I../Drivers/CMSIS/Device/ST/STM32F4xx/Include -I../Drivers/CMSIS/Include -I../Middlewares/Third_Party/FreeRTOS/Source/include -I../Middlewares/Third_Party/FreeRTOS/Source/CMSIS_RTOS -I../Middlewares/Third_Party/FreeRTOS/Source/portable/GCC/ARM_CM4F -I"D:/repos_temp/4WheelCar/src" -I"D:/repos_temp/4WheelCar/src/thirdparty/devices_stm32_hal" -I"D:/repos_temp/4WheelCar/src/thirdparty/MadgwickAHRS/src" -I"D:/repos_temp/4WheelCar/src/thirdparty/mpu9250/src" -I"D:/repos_temp/4WheelCar/src/thirdparty/qpcpp/src" -I"D:/repos_temp/4WheelCar/src/thirdparty/qpcpp/ports/freertos" -I"D:/repos_temp/4WheelCar/src/thirdparty/qpcpp/include" -O1 -ffunction-sections -fdata-sections -fno-exceptions -fno-rtti -fno-threadsafe-statics -fno-use-cxa-atexit -Wall -fstack-usage -MMD -MP -MF"src/thirdparty/qpcpp/src/qf/qf_time.d" -MT"src/thirdparty/qpcpp/src/qf/qf_time.o"  -mfpu=fpv4-sp-d16 -mfloat-abi=hard -mthumb -o "src/thirdparty/qpcpp/src/qf/qf_time.o"
arm-none-eabi-g++ "D:/repos_temp/4WheelCar/src/thirdparty/qpcpp/ports/freertos/qf_port.cpp" -mcpu=cortex-m4 -std=gnu++14 -g3 -DQ_EVT_CTOR -DUSE_HAL_DRIVER -DSTM32F4 -DSTM32F411xE -DDEBUG -c -I../Core/Inc -I../Drivers/STM32F4xx_HAL_Driver/Inc -I../Drivers/STM32F4xx_HAL_Driver/Inc/Legacy -I../Drivers/CMSIS/Device/ST/STM32F4xx/Include -I../Drivers/CMSIS/Include -I../Middlewares/Third_Party/FreeRTOS/Source/include -I../Middlewares/Third_Party/FreeRTOS/Source/CMSIS_RTOS -I../Middlewares/Third_Party/FreeRTOS/Source/portable/GCC/ARM_CM4F -I"D:/repos_temp/4WheelCar/src" -I"D:/repos_temp/4WheelCar/src/thirdparty/devices_stm32_hal" -I"D:/repos_temp/4WheelCar/src/thirdparty/MadgwickAHRS/src" -I"D:/repos_temp/4WheelCar/src/thirdparty/mpu9250/src" -I"D:/repos_temp/4WheelCar/src/thirdparty/qpcpp/src" -I"D:/repos_temp/4WheelCar/src/thirdparty/qpcpp/ports/freertos" -I"D:/repos_temp/4WheelCar/src/thirdparty/qpcpp/include" -O1 -ffunction-sections -fdata-sections -fno-exceptions -fno-rtti -fno-threadsafe-statics -fno-use-cxa-atexit -Wall -fstack-usage -MMD -MP -MF"src/thirdparty/qpcpp/ports/freertos/qf_port.d" -MT"src/thirdparty/qpcpp/ports/freertos/qf_port.o"  -mfpu=fpv4-sp-d16 -mfloat-abi=hard -mthumb -o "src/thirdparty/qpcpp/ports/freertos/qf_port.o"
arm-none-eabi-g++ "D:/repos_temp/4WheelCar/src/thirdparty/mpu9250/src/MPU9250HALSTM32HALI2C.cpp" -mcpu=cortex-m4 -std=gnu++14 -g3 -DQ_EVT_CTOR -DUSE_HAL_DRIVER -DSTM32F4 -DSTM32F411xE -DDEBUG -c -I../Core/Inc -I../Drivers/STM32F4xx_HAL_Driver/Inc -I../Drivers/STM32F4xx_HAL_Driver/Inc/Legacy -I../Drivers/CMSIS/Device/ST/STM32F4xx/Include -I../Drivers/CMSIS/Include -I../Middlewares/Third_Party/FreeRTOS/Source/include -I../Middlewares/Third_Party/FreeRTOS/Source/CMSIS_RTOS -I../Middlewares/Third_Party/FreeRTOS/Source/portable/GCC/ARM_CM4F -I"D:/repos_temp/4WheelCar/src" -I"D:/repos_temp/4WheelCar/src/thirdparty/devices_stm32_hal" -I"D:/repos_temp/4WheelCar/src/thirdparty/MadgwickAHRS/src" -I"D:/repos_temp/4WheelCar/src/thirdparty/mpu9250/src" -I"D:/repos_temp/4WheelCar/src/thirdparty/qpcpp/src" -I"D:/repos_temp/4WheelCar/src/thirdparty/qpcpp/ports/freertos" -I"D:/repos_temp/4WheelCar/src/thirdparty/qpcpp/include" -O1 -ffunction-sections -fdata-sections -fno-exceptions -fno-rtti -fno-threadsafe-statics -fno-use-cxa-atexit -Wall -fstack-usage -MMD -MP -MF"src/thirdparty/mpu9250/src/MPU9250HALSTM32HALI2C.d" -MT"src/thirdparty/mpu9250/src/MPU9250HALSTM32HALI2C.o"  -mfpu=fpv4-sp-d16 -mfloat-abi=hard -mthumb -o "src/thirdparty/mpu9250/src/MPU9250HALSTM32HALI2C.o"
arm-none-eabi-g++ "D:/repos_temp/4WheelCar/src/thirdparty/devices_stm32_hal/RPMEncoderOptical.cpp" -mcpu=cortex-m4 -std=gnu++14 -g3 -DQ_EVT_CTOR -DUSE_HAL_DRIVER -DSTM32F4 -DSTM32F411xE -DDEBUG -c -I../Core/Inc -I../Drivers/STM32F4xx_HAL_Driver/Inc -I../Drivers/STM32F4xx_HAL_Driver/Inc/Legacy -I../Drivers/CMSIS/Device/ST/STM32F4xx/Include -I../Drivers/CMSIS/Include -I../Middlewares/Third_Party/FreeRTOS/Source/include -I../Middlewares/Third_Party/FreeRTOS/Source/CMSIS_RTOS -I../Middlewares/Third_Party/FreeRTOS/Source/portable/GCC/ARM_CM4F -I"D:/repos_temp/4WheelCar/src" -I"D:/repos_temp/4WheelCar/src/thirdparty/devices_stm32_hal" -I"D:/repos_temp/4WheelCar/src/thirdparty/MadgwickAHRS/src" -I"D:/repos_temp/4WheelCar/src/thirdparty/mpu9250/src" -I"D:/repos_temp/4WheelCar/src/thirdparty/qpcpp/src" -I"D:/repos_temp/4WheelCar/src/thirdparty/qpcpp/ports/freertos" -I"D:/repos_temp/4WheelCar/src/thirdparty/qpcpp/include" -O1 -ffunction-sections -fdata-sections -fno-exceptions -fno-rtti -fno-threadsafe-statics -fno-use-cxa-atexit -Wall -fstack-usage -MMD -MP -MF"src/thirdparty/devices_stm32_hal/RPMEncoderOptical.d" -MT"src/thirdparty/devices_stm32_hal/RPMEncoderOptical.o"  -mfpu=fpv4-sp-d16 -mfloat-abi=hard -mthumb -o "src/thirdparty/devices_stm32_hal/RPMEncoderOptical.o"
D:/repos_temp/4WheelCar/src/thirdparty/mpu9250/src/MPU9250HALSTM32HALI2C.cpp: In member function 'virtual int MPU9250HALSTM32HALI2C::delay(uint32_t)':
D:/repos_temp/4WheelCar/src/thirdparty/mpu9250/src/MPU9250HALSTM32HALI2C.cpp:65:1: warning: no return statement in function returning non-void [-Wreturn-type]
 }
 ^
arm-none-eabi-g++ "D:/repos_temp/4WheelCar/src/thirdparty/devices_stm32_hal/SensorButton.cpp" -mcpu=cortex-m4 -std=gnu++14 -g3 -DQ_EVT_CTOR -DUSE_HAL_DRIVER -DSTM32F4 -DSTM32F411xE -DDEBUG -c -I../Core/Inc -I../Drivers/STM32F4xx_HAL_Driver/Inc -I../Drivers/STM32F4xx_HAL_Driver/Inc/Legacy -I../Drivers/CMSIS/Device/ST/STM32F4xx/Include -I../Drivers/CMSIS/Include -I../Middlewares/Third_Party/FreeRTOS/Source/include -I../Middlewares/Third_Party/FreeRTOS/Source/CMSIS_RTOS -I../Middlewares/Third_Party/FreeRTOS/Source/portable/GCC/ARM_CM4F -I"D:/repos_temp/4WheelCar/src" -I"D:/repos_temp/4WheelCar/src/thirdparty/devices_stm32_hal" -I"D:/repos_temp/4WheelCar/src/thirdparty/MadgwickAHRS/src" -I"D:/repos_temp/4WheelCar/src/thirdparty/mpu9250/src" -I"D:/repos_temp/4WheelCar/src/thirdparty/qpcpp/src" -I"D:/repos_temp/4WheelCar/src/thirdparty/qpcpp/ports/freertos" -I"D:/repos_temp/4WheelCar/src/thirdparty/qpcpp/include" -O1 -ffunction-sections -fdata-sections -fno-exceptions -fno-rtti -fno-threadsafe-statics -fno-use-cxa-atexit -Wall -fstack-usage -MMD -MP -MF"src/thirdparty/devices_stm32_hal/SensorButton.d" -MT"src/thirdparty/devices_stm32_hal/SensorButton.o"  -mfpu=fpv4-sp-d16 -mfloat-abi=hard -mthumb -o "src/thirdparty/devices_stm32_hal/SensorButton.o"
arm-none-eabi-g++ "D:/repos_temp/4WheelCar/src/thirdparty/devices_stm32_hal/TB6612FNG.cpp" -mcpu=cortex-m4 -std=gnu++14 -g3 -DQ_EVT_CTOR -DUSE_HAL_DRIVER -DSTM32F4 -DSTM32F411xE -DDEBUG -c -I../Core/Inc -I../Drivers/STM32F4xx_HAL_Driver/Inc -I../Drivers/STM32F4xx_HAL_Driver/Inc/Legacy -I../Drivers/CMSIS/Device/ST/STM32F4xx/Include -I../Drivers/CMSIS/Include -I../Middlewares/Third_Party/FreeRTOS/Source/include -I../Middlewares/Third_Party/FreeRTOS/Source/CMSIS_RTOS -I../Middlewares/Third_Party/FreeRTOS/Source/portable/GCC/ARM_CM4F -I"D:/repos_temp/4WheelCar/src" -I"D:/repos_temp/4WheelCar/src/thirdparty/devices_stm32_hal" -I"D:/repos_temp/4WheelCar/src/thirdparty/MadgwickAHRS/src" -I"D:/repos_temp/4WheelCar/src/thirdparty/mpu9250/src" -I"D:/repos_temp/4WheelCar/src/thirdparty/qpcpp/src" -I"D:/repos_temp/4WheelCar/src/thirdparty/qpcpp/ports/freertos" -I"D:/repos_temp/4WheelCar/src/thirdparty/qpcpp/include" -O1 -ffunction-sections -fdata-sections -fno-exceptions -fno-rtti -fno-threadsafe-statics -fno-use-cxa-atexit -Wall -fstack-usage -MMD -MP -MF"src/thirdparty/devices_stm32_hal/TB6612FNG.d" -MT"src/thirdparty/devices_stm32_hal/TB6612FNG.o"  -mfpu=fpv4-sp-d16 -mfloat-abi=hard -mthumb -o "src/thirdparty/devices_stm32_hal/TB6612FNG.o"
arm-none-eabi-gcc "D:/repos_temp/4WheelCar/src/thirdparty/devices_stm32_hal/stm32hal_osal.c" -mcpu=cortex-m4 -std=gnu11 -g3 -DQ_EVT_CTOR -DUSE_HAL_DRIVER -DSTM32F4 -DSTM32F411xE -DDEBUG -c -I../Core/Inc -I../Drivers/STM32F4xx_HAL_Driver/Inc -I../Drivers/STM32F4xx_HAL_Driver/Inc/Legacy -I../Drivers/CMSIS/Device/ST/STM32F4xx/Include -I../Drivers/CMSIS/Include -I../Middlewares/Third_Party/FreeRTOS/Source/include -I../Middlewares/Third_Party/FreeRTOS/Source/CMSIS_RTOS -I../Middlewares/Third_Party/FreeRTOS/Source/portable/GCC/ARM_CM4F -I"D:/repos_temp/4WheelCar/src" -I"D:/repos_temp/4WheelCar/src/thirdparty/devices_stm32_hal" -I"D:/repos_temp/4WheelCar/src/thirdparty/MadgwickAHRS/src" -I"D:/repos_temp/4WheelCar/src/thirdparty/mpu9250/src" -I"D:/repos_temp/4WheelCar/src/thirdparty/qpcpp/src" -I"D:/repos_temp/4WheelCar/src/thirdparty/qpcpp/ports/freertos" -I"D:/repos_temp/4WheelCar/src/thirdparty/qpcpp/include" -O2 -ffunction-sections -fdata-sections -Wall -fstack-usage -MMD -MP -MF"src/thirdparty/devices_stm32_hal/stm32hal_osal.d" -MT"src/thirdparty/devices_stm32_hal/stm32hal_osal.o"  -mfpu=fpv4-sp-d16 -mfloat-abi=hard -mthumb -o "src/thirdparty/devices_stm32_hal/stm32hal_osal.o"
arm-none-eabi-g++ "D:/repos_temp/4WheelCar/src/Communication.cpp" -mcpu=cortex-m4 -std=gnu++14 -g3 -DQ_EVT_CTOR -DUSE_HAL_DRIVER -DSTM32F4 -DSTM32F411xE -DDEBUG -c -I../Core/Inc -I../Drivers/STM32F4xx_HAL_Driver/Inc -I../Drivers/STM32F4xx_HAL_Driver/Inc/Legacy -I../Drivers/CMSIS/Device/ST/STM32F4xx/Include -I../Drivers/CMSIS/Include -I../Middlewares/Third_Party/FreeRTOS/Source/include -I../Middlewares/Third_Party/FreeRTOS/Source/CMSIS_RTOS -I../Middlewares/Third_Party/FreeRTOS/Source/portable/GCC/ARM_CM4F -I"D:/repos_temp/4WheelCar/src" -I"D:/repos_temp/4WheelCar/src/thirdparty/devices_stm32_hal" -I"D:/repos_temp/4WheelCar/src/thirdparty/MadgwickAHRS/src" -I"D:/repos_temp/4WheelCar/src/thirdparty/mpu9250/src" -I"D:/repos_temp/4WheelCar/src/thirdparty/qpcpp/src" -I"D:/repos_temp/4WheelCar/src/thirdparty/qpcpp/ports/freertos" -I"D:/repos_temp/4WheelCar/src/thirdparty/qpcpp/include" -O1 -ffunction-sections -fdata-sections -fno-exceptions -fno-rtti -fno-threadsafe-statics -fno-use-cxa-atexit -Wall -fstack-usage -MMD -MP -MF"src/Communication.d" -MT"src/Communication.o"  -mfpu=fpv4-sp-d16 -mfloat-abi=hard -mthumb -o "src/Communication.o"
arm-none-eabi-g++ "D:/repos_temp/4WheelCar/src/IMU.cpp" -mcpu=cortex-m4 -std=gnu++14 -g3 -DQ_EVT_CTOR -DUSE_HAL_DRIVER -DSTM32F4 -DSTM32F411xE -DDEBUG -c -I../Core/Inc -I../Drivers/STM32F4xx_HAL_Driver/Inc -I../Drivers/STM32F4xx_HAL_Driver/Inc/Legacy -I../Drivers/CMSIS/Device/ST/STM32F4xx/Include -I../Drivers/CMSIS/Include -I../Middlewares/Third_Party/FreeRTOS/Source/include -I../Middlewares/Third_Party/FreeRTOS/Source/CMSIS_RTOS -I../Middlewares/Third_Party/FreeRTOS/Source/portable/GCC/ARM_CM4F -I"D:/repos_temp/4WheelCar/src" -I"D:/repos_temp/4WheelCar/src/thirdparty/devices_stm32_hal" -I"D:/repos_temp/4WheelCar/src/thirdparty/MadgwickAHRS/src" -I"D:/repos_temp/4WheelCar/src/thirdparty/mpu9250/src" -I"D:/repos_temp/4WheelCar/src/thirdparty/qpcpp/src" -I"D:/repos_temp/4WheelCar/src/thirdparty/qpcpp/ports/freertos" -I"D:/repos_temp/4WheelCar/src/thirdparty/qpcpp/include" -O1 -ffunction-sections -fdata-sections -fno-exceptions -fno-rtti -fno-threadsafe-statics -fno-use-cxa-atexit -Wall -fstack-usage -MMD -MP -MF"src/IMU.d" -MT"src/IMU.o"  -mfpu=fpv4-sp-d16 -mfloat-abi=hard -mthumb -o "src/IMU.o"
arm-none-eabi-g++ "D:/repos_temp/4WheelCar/src/Motor.cpp" -mcpu=cortex-m4 -std=gnu++14 -g3 -DQ_EVT_CTOR -DUSE_HAL_DRIVER -DSTM32F4 -DSTM32F411xE -DDEBUG -c -I../Core/Inc -I../Drivers/STM32F4xx_HAL_Driver/Inc -I../Drivers/STM32F4xx_HAL_Driver/Inc/Legacy -I../Drivers/CMSIS/Device/ST/STM32F4xx/Include -I../Drivers/CMSIS/Include -I../Middlewares/Third_Party/FreeRTOS/Source/include -I../Middlewares/Third_Party/FreeRTOS/Source/CMSIS_RTOS -I../Middlewares/Third_Party/FreeRTOS/Source/portable/GCC/ARM_CM4F -I"D:/repos_temp/4WheelCar/src" -I"D:/repos_temp/4WheelCar/src/thirdparty/devices_stm32_hal" -I"D:/repos_temp/4WheelCar/src/thirdparty/MadgwickAHRS/src" -I"D:/repos_temp/4WheelCar/src/thirdparty/mpu9250/src" -I"D:/repos_temp/4WheelCar/src/thirdparty/qpcpp/src" -I"D:/repos_temp/4WheelCar/src/thirdparty/qpcpp/ports/freertos" -I"D:/repos_temp/4WheelCar/src/thirdparty/qpcpp/include" -O1 -ffunction-sections -fdata-sections -fno-exceptions -fno-rtti -fno-threadsafe-statics -fno-use-cxa-atexit -Wall -fstack-usage -MMD -MP -MF"src/Motor.d" -MT"src/Motor.o"  -mfpu=fpv4-sp-d16 -mfloat-abi=hard -mthumb -o "src/Motor.o"
In file included from D:/repos_temp/4WheelCar/src/Communication.cpp:9:0:
D:/repos_temp/4WheelCar/src/Communication.h: In constructor 'Communication::Communication(UART_HandleTypeDef*, IMU*)':
D:/repos_temp/4WheelCar/src/Communication.h:19:22: warning: 'Communication::huart' will be initialized after [-Wreorder]
  UART_HandleTypeDef *huart;
                      ^~~~~
D:/repos_temp/4WheelCar/src/Communication.cpp:20:29: warning:   base 'QP::QActive' [-Wreorder]
   m_timeEvt(this, kTimer, 0U)
                             ^
D:/repos_temp/4WheelCar/src/Communication.cpp:16:1: warning:   when initialized here [-Wreorder]
 Communication::Communication(UART_HandleTypeDef *huart, IMU *imu) :
 ^~~~~~~~~~~~~
D:/repos_temp/4WheelCar/src/Communication.cpp: In member function 'void Communication::HAL_UART_RxCpltCallback(UART_HandleTypeDef*)':
D:/repos_temp/4WheelCar/src/Communication.cpp:48:7: warning: unused variable 'c' [-Wunused-variable]
  char c = recv_byte;
       ^
In file included from D:/repos_temp/4WheelCar/src/IMU.cpp:10:0:
D:/repos_temp/4WheelCar/src/IMU.h: In constructor 'IMU::IMU(MPU9250FIFO*)':
D:/repos_temp/4WheelCar/src/IMU.h:47:15: warning: 'IMU::mpu9250' will be initialized after [-Wreorder]
  MPU9250FIFO *mpu9250;
               ^~~~~~~
D:/repos_temp/4WheelCar/src/IMU.h:38:18: warning:   'QP::QTimeEvt IMU::m_timeEvt' [-Wreorder]
     QP::QTimeEvt m_timeEvt;
                  ^~~~~~~~~
D:/repos_temp/4WheelCar/src/IMU.cpp:16:1: warning:   when initialized here [-Wreorder]
 IMU::IMU(MPU9250FIFO *mpu9250) :
 ^~~
arm-none-eabi-g++ "D:/repos_temp/4WheelCar/src/main_app.cpp" -mcpu=cortex-m4 -std=gnu++14 -g3 -DQ_EVT_CTOR -DUSE_HAL_DRIVER -DSTM32F4 -DSTM32F411xE -DDEBUG -c -I../Core/Inc -I../Drivers/STM32F4xx_HAL_Driver/Inc -I../Drivers/STM32F4xx_HAL_Driver/Inc/Legacy -I../Drivers/CMSIS/Device/ST/STM32F4xx/Include -I../Drivers/CMSIS/Include -I../Middlewares/Third_Party/FreeRTOS/Source/include -I../Middlewares/Third_Party/FreeRTOS/Source/CMSIS_RTOS -I../Middlewares/Third_Party/FreeRTOS/Source/portable/GCC/ARM_CM4F -I"D:/repos_temp/4WheelCar/src" -I"D:/repos_temp/4WheelCar/src/thirdparty/devices_stm32_hal" -I"D:/repos_temp/4WheelCar/src/thirdparty/MadgwickAHRS/src" -I"D:/repos_temp/4WheelCar/src/thirdparty/mpu9250/src" -I"D:/repos_temp/4WheelCar/src/thirdparty/qpcpp/src" -I"D:/repos_temp/4WheelCar/src/thirdparty/qpcpp/ports/freertos" -I"D:/repos_temp/4WheelCar/src/thirdparty/qpcpp/include" -O1 -ffunction-sections -fdata-sections -fno-exceptions -fno-rtti -fno-threadsafe-statics -fno-use-cxa-atexit -Wall -fstack-usage -MMD -MP -MF"src/main_app.d" -MT"src/main_app.o"  -mfpu=fpv4-sp-d16 -mfloat-abi=hard -mthumb -o "src/main_app.o"
arm-none-eabi-gcc "../Middlewares/Third_Party/FreeRTOS/Source/portable/MemMang/heap_3.c" -mcpu=cortex-m4 -std=gnu11 -g3 -DQ_EVT_CTOR -DUSE_HAL_DRIVER -DSTM32F4 -DSTM32F411xE -DDEBUG -c -I../Core/Inc -I../Drivers/STM32F4xx_HAL_Driver/Inc -I../Drivers/STM32F4xx_HAL_Driver/Inc/Legacy -I../Drivers/CMSIS/Device/ST/STM32F4xx/Include -I../Drivers/CMSIS/Include -I../Middlewares/Third_Party/FreeRTOS/Source/include -I../Middlewares/Third_Party/FreeRTOS/Source/CMSIS_RTOS -I../Middlewares/Third_Party/FreeRTOS/Source/portable/GCC/ARM_CM4F -I"D:/repos_temp/4WheelCar/src" -I"D:/repos_temp/4WheelCar/src/thirdparty/devices_stm32_hal" -I"D:/repos_temp/4WheelCar/src/thirdparty/MadgwickAHRS/src" -I"D:/repos_temp/4WheelCar/src/thirdparty/mpu9250/src" -I"D:/repos_temp/4WheelCar/src/thirdparty/qpcpp/src" -I"D:/repos_temp/4WheelCar/src/thirdparty/qpcpp/ports/freertos" -I"D:/repos_temp/4WheelCar/src/thirdparty/qpcpp/include" -O2 -ffunction-sections -fdata-sections -Wall -fstack-usage -MMD -MP -MF"Middlewares/Third_Party/FreeRTOS/Source/portable/MemMang/heap_3.d" -MT"Middlewares/Third_Party/FreeRTOS/Source/portable/MemMang/heap_3.o"  -mfpu=fpv4-sp-d16 -mfloat-abi=hard -mthumb -o "Middlewares/Third_Party/FreeRTOS/Source/portable/MemMang/heap_3.o"
arm-none-eabi-gcc "../Middlewares/Third_Party/FreeRTOS/Source/portable/GCC/ARM_CM4F/port.c" -mcpu=cortex-m4 -std=gnu11 -g3 -DQ_EVT_CTOR -DUSE_HAL_DRIVER -DSTM32F4 -DSTM32F411xE -DDEBUG -c -I../Core/Inc -I../Drivers/STM32F4xx_HAL_Driver/Inc -I../Drivers/STM32F4xx_HAL_Driver/Inc/Legacy -I../Drivers/CMSIS/Device/ST/STM32F4xx/Include -I../Drivers/CMSIS/Include -I../Middlewares/Third_Party/FreeRTOS/Source/include -I../Middlewares/Third_Party/FreeRTOS/Source/CMSIS_RTOS -I../Middlewares/Third_Party/FreeRTOS/Source/portable/GCC/ARM_CM4F -I"D:/repos_temp/4WheelCar/src" -I"D:/repos_temp/4WheelCar/src/thirdparty/devices_stm32_hal" -I"D:/repos_temp/4WheelCar/src/thirdparty/MadgwickAHRS/src" -I"D:/repos_temp/4WheelCar/src/thirdparty/mpu9250/src" -I"D:/repos_temp/4WheelCar/src/thirdparty/qpcpp/src" -I"D:/repos_temp/4WheelCar/src/thirdparty/qpcpp/ports/freertos" -I"D:/repos_temp/4WheelCar/src/thirdparty/qpcpp/include" -O2 -ffunction-sections -fdata-sections -Wall -fstack-usage -MMD -MP -MF"Middlewares/Third_Party/FreeRTOS/Source/portable/GCC/ARM_CM4F/port.d" -MT"Middlewares/Third_Party/FreeRTOS/Source/portable/GCC/ARM_CM4F/port.o"  -mfpu=fpv4-sp-d16 -mfloat-abi=hard -mthumb -o "Middlewares/Third_Party/FreeRTOS/Source/portable/GCC/ARM_CM4F/port.o"
D:/repos_temp/4WheelCar/src/main_app.cpp: In function 'int __io_putchar(int)':
D:/repos_temp/4WheelCar/src/main_app.cpp:49:1: warning: no return statement in function returning non-void [-Wreturn-type]
 }
 ^
arm-none-eabi-gcc "../Middlewares/Third_Party/FreeRTOS/Source/CMSIS_RTOS/cmsis_os.c" -mcpu=cortex-m4 -std=gnu11 -g3 -DQ_EVT_CTOR -DUSE_HAL_DRIVER -DSTM32F4 -DSTM32F411xE -DDEBUG -c -I../Core/Inc -I../Drivers/STM32F4xx_HAL_Driver/Inc -I../Drivers/STM32F4xx_HAL_Driver/Inc/Legacy -I../Drivers/CMSIS/Device/ST/STM32F4xx/Include -I../Drivers/CMSIS/Include -I../Middlewares/Third_Party/FreeRTOS/Source/include -I../Middlewares/Third_Party/FreeRTOS/Source/CMSIS_RTOS -I../Middlewares/Third_Party/FreeRTOS/Source/portable/GCC/ARM_CM4F -I"D:/repos_temp/4WheelCar/src" -I"D:/repos_temp/4WheelCar/src/thirdparty/devices_stm32_hal" -I"D:/repos_temp/4WheelCar/src/thirdparty/MadgwickAHRS/src" -I"D:/repos_temp/4WheelCar/src/thirdparty/mpu9250/src" -I"D:/repos_temp/4WheelCar/src/thirdparty/qpcpp/src" -I"D:/repos_temp/4WheelCar/src/thirdparty/qpcpp/ports/freertos" -I"D:/repos_temp/4WheelCar/src/thirdparty/qpcpp/include" -O2 -ffunction-sections -fdata-sections -Wall -fstack-usage -MMD -MP -MF"Middlewares/Third_Party/FreeRTOS/Source/CMSIS_RTOS/cmsis_os.d" -MT"Middlewares/Third_Party/FreeRTOS/Source/CMSIS_RTOS/cmsis_os.o"  -mfpu=fpv4-sp-d16 -mfloat-abi=hard -mthumb -o "Middlewares/Third_Party/FreeRTOS/Source/CMSIS_RTOS/cmsis_os.o"
arm-none-eabi-gcc "../Middlewares/Third_Party/FreeRTOS/Source/croutine.c" -mcpu=cortex-m4 -std=gnu11 -g3 -DQ_EVT_CTOR -DUSE_HAL_DRIVER -DSTM32F4 -DSTM32F411xE -DDEBUG -c -I../Core/Inc -I../Drivers/STM32F4xx_HAL_Driver/Inc -I../Drivers/STM32F4xx_HAL_Driver/Inc/Legacy -I../Drivers/CMSIS/Device/ST/STM32F4xx/Include -I../Drivers/CMSIS/Include -I../Middlewares/Third_Party/FreeRTOS/Source/include -I../Middlewares/Third_Party/FreeRTOS/Source/CMSIS_RTOS -I../Middlewares/Third_Party/FreeRTOS/Source/portable/GCC/ARM_CM4F -I"D:/repos_temp/4WheelCar/src" -I"D:/repos_temp/4WheelCar/src/thirdparty/devices_stm32_hal" -I"D:/repos_temp/4WheelCar/src/thirdparty/MadgwickAHRS/src" -I"D:/repos_temp/4WheelCar/src/thirdparty/mpu9250/src" -I"D:/repos_temp/4WheelCar/src/thirdparty/qpcpp/src" -I"D:/repos_temp/4WheelCar/src/thirdparty/qpcpp/ports/freertos" -I"D:/repos_temp/4WheelCar/src/thirdparty/qpcpp/include" -O2 -ffunction-sections -fdata-sections -Wall -fstack-usage -MMD -MP -MF"Middlewares/Third_Party/FreeRTOS/Source/croutine.d" -MT"Middlewares/Third_Party/FreeRTOS/Source/croutine.o"  -mfpu=fpv4-sp-d16 -mfloat-abi=hard -mthumb -o "Middlewares/Third_Party/FreeRTOS/Source/croutine.o"
arm-none-eabi-gcc "../Middlewares/Third_Party/FreeRTOS/Source/event_groups.c" -mcpu=cortex-m4 -std=gnu11 -g3 -DQ_EVT_CTOR -DUSE_HAL_DRIVER -DSTM32F4 -DSTM32F411xE -DDEBUG -c -I../Core/Inc -I../Drivers/STM32F4xx_HAL_Driver/Inc -I../Drivers/STM32F4xx_HAL_Driver/Inc/Legacy -I../Drivers/CMSIS/Device/ST/STM32F4xx/Include -I../Drivers/CMSIS/Include -I../Middlewares/Third_Party/FreeRTOS/Source/include -I../Middlewares/Third_Party/FreeRTOS/Source/CMSIS_RTOS -I../Middlewares/Third_Party/FreeRTOS/Source/portable/GCC/ARM_CM4F -I"D:/repos_temp/4WheelCar/src" -I"D:/repos_temp/4WheelCar/src/thirdparty/devices_stm32_hal" -I"D:/repos_temp/4WheelCar/src/thirdparty/MadgwickAHRS/src" -I"D:/repos_temp/4WheelCar/src/thirdparty/mpu9250/src" -I"D:/repos_temp/4WheelCar/src/thirdparty/qpcpp/src" -I"D:/repos_temp/4WheelCar/src/thirdparty/qpcpp/ports/freertos" -I"D:/repos_temp/4WheelCar/src/thirdparty/qpcpp/include" -O2 -ffunction-sections -fdata-sections -Wall -fstack-usage -MMD -MP -MF"Middlewares/Third_Party/FreeRTOS/Source/event_groups.d" -MT"Middlewares/Third_Party/FreeRTOS/Source/event_groups.o"  -mfpu=fpv4-sp-d16 -mfloat-abi=hard -mthumb -o "Middlewares/Third_Party/FreeRTOS/Source/event_groups.o"
arm-none-eabi-gcc "../Middlewares/Third_Party/FreeRTOS/Source/list.c" -mcpu=cortex-m4 -std=gnu11 -g3 -DQ_EVT_CTOR -DUSE_HAL_DRIVER -DSTM32F4 -DSTM32F411xE -DDEBUG -c -I../Core/Inc -I../Drivers/STM32F4xx_HAL_Driver/Inc -I../Drivers/STM32F4xx_HAL_Driver/Inc/Legacy -I../Drivers/CMSIS/Device/ST/STM32F4xx/Include -I../Drivers/CMSIS/Include -I../Middlewares/Third_Party/FreeRTOS/Source/include -I../Middlewares/Third_Party/FreeRTOS/Source/CMSIS_RTOS -I../Middlewares/Third_Party/FreeRTOS/Source/portable/GCC/ARM_CM4F -I"D:/repos_temp/4WheelCar/src" -I"D:/repos_temp/4WheelCar/src/thirdparty/devices_stm32_hal" -I"D:/repos_temp/4WheelCar/src/thirdparty/MadgwickAHRS/src" -I"D:/repos_temp/4WheelCar/src/thirdparty/mpu9250/src" -I"D:/repos_temp/4WheelCar/src/thirdparty/qpcpp/src" -I"D:/repos_temp/4WheelCar/src/thirdparty/qpcpp/ports/freertos" -I"D:/repos_temp/4WheelCar/src/thirdparty/qpcpp/include" -O2 -ffunction-sections -fdata-sections -Wall -fstack-usage -MMD -MP -MF"Middlewares/Third_Party/FreeRTOS/Source/list.d" -MT"Middlewares/Third_Party/FreeRTOS/Source/list.o"  -mfpu=fpv4-sp-d16 -mfloat-abi=hard -mthumb -o "Middlewares/Third_Party/FreeRTOS/Source/list.o"
arm-none-eabi-gcc "../Middlewares/Third_Party/FreeRTOS/Source/queue.c" -mcpu=cortex-m4 -std=gnu11 -g3 -DQ_EVT_CTOR -DUSE_HAL_DRIVER -DSTM32F4 -DSTM32F411xE -DDEBUG -c -I../Core/Inc -I../Drivers/STM32F4xx_HAL_Driver/Inc -I../Drivers/STM32F4xx_HAL_Driver/Inc/Legacy -I../Drivers/CMSIS/Device/ST/STM32F4xx/Include -I../Drivers/CMSIS/Include -I../Middlewares/Third_Party/FreeRTOS/Source/include -I../Middlewares/Third_Party/FreeRTOS/Source/CMSIS_RTOS -I../Middlewares/Third_Party/FreeRTOS/Source/portable/GCC/ARM_CM4F -I"D:/repos_temp/4WheelCar/src" -I"D:/repos_temp/4WheelCar/src/thirdparty/devices_stm32_hal" -I"D:/repos_temp/4WheelCar/src/thirdparty/MadgwickAHRS/src" -I"D:/repos_temp/4WheelCar/src/thirdparty/mpu9250/src" -I"D:/repos_temp/4WheelCar/src/thirdparty/qpcpp/src" -I"D:/repos_temp/4WheelCar/src/thirdparty/qpcpp/ports/freertos" -I"D:/repos_temp/4WheelCar/src/thirdparty/qpcpp/include" -O2 -ffunction-sections -fdata-sections -Wall -fstack-usage -MMD -MP -MF"Middlewares/Third_Party/FreeRTOS/Source/queue.d" -MT"Middlewares/Third_Party/FreeRTOS/Source/queue.o"  -mfpu=fpv4-sp-d16 -mfloat-abi=hard -mthumb -o "Middlewares/Third_Party/FreeRTOS/Source/queue.o"
arm-none-eabi-gcc "../Middlewares/Third_Party/FreeRTOS/Source/stream_buffer.c" -mcpu=cortex-m4 -std=gnu11 -g3 -DQ_EVT_CTOR -DUSE_HAL_DRIVER -DSTM32F4 -DSTM32F411xE -DDEBUG -c -I../Core/Inc -I../Drivers/STM32F4xx_HAL_Driver/Inc -I../Drivers/STM32F4xx_HAL_Driver/Inc/Legacy -I../Drivers/CMSIS/Device/ST/STM32F4xx/Include -I../Drivers/CMSIS/Include -I../Middlewares/Third_Party/FreeRTOS/Source/include -I../Middlewares/Third_Party/FreeRTOS/Source/CMSIS_RTOS -I../Middlewares/Third_Party/FreeRTOS/Source/portable/GCC/ARM_CM4F -I"D:/repos_temp/4WheelCar/src" -I"D:/repos_temp/4WheelCar/src/thirdparty/devices_stm32_hal" -I"D:/repos_temp/4WheelCar/src/thirdparty/MadgwickAHRS/src" -I"D:/repos_temp/4WheelCar/src/thirdparty/mpu9250/src" -I"D:/repos_temp/4WheelCar/src/thirdparty/qpcpp/src" -I"D:/repos_temp/4WheelCar/src/thirdparty/qpcpp/ports/freertos" -I"D:/repos_temp/4WheelCar/src/thirdparty/qpcpp/include" -O2 -ffunction-sections -fdata-sections -Wall -fstack-usage -MMD -MP -MF"Middlewares/Third_Party/FreeRTOS/Source/stream_buffer.d" -MT"Middlewares/Third_Party/FreeRTOS/Source/stream_buffer.o"  -mfpu=fpv4-sp-d16 -mfloat-abi=hard -mthumb -o "Middlewares/Third_Party/FreeRTOS/Source/stream_buffer.o"
arm-none-eabi-gcc "../Middlewares/Third_Party/FreeRTOS/Source/tasks.c" -mcpu=cortex-m4 -std=gnu11 -g3 -DQ_EVT_CTOR -DUSE_HAL_DRIVER -DSTM32F4 -DSTM32F411xE -DDEBUG -c -I../Core/Inc -I../Drivers/STM32F4xx_HAL_Driver/Inc -I../Drivers/STM32F4xx_HAL_Driver/Inc/Legacy -I../Drivers/CMSIS/Device/ST/STM32F4xx/Include -I../Drivers/CMSIS/Include -I../Middlewares/Third_Party/FreeRTOS/Source/include -I../Middlewares/Third_Party/FreeRTOS/Source/CMSIS_RTOS -I../Middlewares/Third_Party/FreeRTOS/Source/portable/GCC/ARM_CM4F -I"D:/repos_temp/4WheelCar/src" -I"D:/repos_temp/4WheelCar/src/thirdparty/devices_stm32_hal" -I"D:/repos_temp/4WheelCar/src/thirdparty/MadgwickAHRS/src" -I"D:/repos_temp/4WheelCar/src/thirdparty/mpu9250/src" -I"D:/repos_temp/4WheelCar/src/thirdparty/qpcpp/src" -I"D:/repos_temp/4WheelCar/src/thirdparty/qpcpp/ports/freertos" -I"D:/repos_temp/4WheelCar/src/thirdparty/qpcpp/include" -O2 -ffunction-sections -fdata-sections -Wall -fstack-usage -MMD -MP -MF"Middlewares/Third_Party/FreeRTOS/Source/tasks.d" -MT"Middlewares/Third_Party/FreeRTOS/Source/tasks.o"  -mfpu=fpv4-sp-d16 -mfloat-abi=hard -mthumb -o "Middlewares/Third_Party/FreeRTOS/Source/tasks.o"
arm-none-eabi-gcc "../Middlewares/Third_Party/FreeRTOS/Source/timers.c" -mcpu=cortex-m4 -std=gnu11 -g3 -DQ_EVT_CTOR -DUSE_HAL_DRIVER -DSTM32F4 -DSTM32F411xE -DDEBUG -c -I../Core/Inc -I../Drivers/STM32F4xx_HAL_Driver/Inc -I../Drivers/STM32F4xx_HAL_Driver/Inc/Legacy -I../Drivers/CMSIS/Device/ST/STM32F4xx/Include -I../Drivers/CMSIS/Include -I../Middlewares/Third_Party/FreeRTOS/Source/include -I../Middlewares/Third_Party/FreeRTOS/Source/CMSIS_RTOS -I../Middlewares/Third_Party/FreeRTOS/Source/portable/GCC/ARM_CM4F -I"D:/repos_temp/4WheelCar/src" -I"D:/repos_temp/4WheelCar/src/thirdparty/devices_stm32_hal" -I"D:/repos_temp/4WheelCar/src/thirdparty/MadgwickAHRS/src" -I"D:/repos_temp/4WheelCar/src/thirdparty/mpu9250/src" -I"D:/repos_temp/4WheelCar/src/thirdparty/qpcpp/src" -I"D:/repos_temp/4WheelCar/src/thirdparty/qpcpp/ports/freertos" -I"D:/repos_temp/4WheelCar/src/thirdparty/qpcpp/include" -O2 -ffunction-sections -fdata-sections -Wall -fstack-usage -MMD -MP -MF"Middlewares/Third_Party/FreeRTOS/Source/timers.d" -MT"Middlewares/Third_Party/FreeRTOS/Source/timers.o"  -mfpu=fpv4-sp-d16 -mfloat-abi=hard -mthumb -o "Middlewares/Third_Party/FreeRTOS/Source/timers.o"
arm-none-eabi-gcc "../Drivers/STM32F4xx_HAL_Driver/Src/stm32f4xx_hal.c" -mcpu=cortex-m4 -std=gnu11 -g3 -DQ_EVT_CTOR -DUSE_HAL_DRIVER -DSTM32F4 -DSTM32F411xE -DDEBUG -c -I../Core/Inc -I../Drivers/STM32F4xx_HAL_Driver/Inc -I../Drivers/STM32F4xx_HAL_Driver/Inc/Legacy -I../Drivers/CMSIS/Device/ST/STM32F4xx/Include -I../Drivers/CMSIS/Include -I../Middlewares/Third_Party/FreeRTOS/Source/include -I../Middlewares/Third_Party/FreeRTOS/Source/CMSIS_RTOS -I../Middlewares/Third_Party/FreeRTOS/Source/portable/GCC/ARM_CM4F -I"D:/repos_temp/4WheelCar/src" -I"D:/repos_temp/4WheelCar/src/thirdparty/devices_stm32_hal" -I"D:/repos_temp/4WheelCar/src/thirdparty/MadgwickAHRS/src" -I"D:/repos_temp/4WheelCar/src/thirdparty/mpu9250/src" -I"D:/repos_temp/4WheelCar/src/thirdparty/qpcpp/src" -I"D:/repos_temp/4WheelCar/src/thirdparty/qpcpp/ports/freertos" -I"D:/repos_temp/4WheelCar/src/thirdparty/qpcpp/include" -O2 -ffunction-sections -fdata-sections -Wall -fstack-usage -MMD -MP -MF"Drivers/STM32F4xx_HAL_Driver/Src/stm32f4xx_hal.d" -MT"Drivers/STM32F4xx_HAL_Driver/Src/stm32f4xx_hal.o"  -mfpu=fpv4-sp-d16 -mfloat-abi=hard -mthumb -o "Drivers/STM32F4xx_HAL_Driver/Src/stm32f4xx_hal.o"
arm-none-eabi-gcc "../Drivers/STM32F4xx_HAL_Driver/Src/stm32f4xx_hal_cortex.c" -mcpu=cortex-m4 -std=gnu11 -g3 -DQ_EVT_CTOR -DUSE_HAL_DRIVER -DSTM32F4 -DSTM32F411xE -DDEBUG -c -I../Core/Inc -I../Drivers/STM32F4xx_HAL_Driver/Inc -I../Drivers/STM32F4xx_HAL_Driver/Inc/Legacy -I../Drivers/CMSIS/Device/ST/STM32F4xx/Include -I../Drivers/CMSIS/Include -I../Middlewares/Third_Party/FreeRTOS/Source/include -I../Middlewares/Third_Party/FreeRTOS/Source/CMSIS_RTOS -I../Middlewares/Third_Party/FreeRTOS/Source/portable/GCC/ARM_CM4F -I"D:/repos_temp/4WheelCar/src" -I"D:/repos_temp/4WheelCar/src/thirdparty/devices_stm32_hal" -I"D:/repos_temp/4WheelCar/src/thirdparty/MadgwickAHRS/src" -I"D:/repos_temp/4WheelCar/src/thirdparty/mpu9250/src" -I"D:/repos_temp/4WheelCar/src/thirdparty/qpcpp/src" -I"D:/repos_temp/4WheelCar/src/thirdparty/qpcpp/ports/freertos" -I"D:/repos_temp/4WheelCar/src/thirdparty/qpcpp/include" -O2 -ffunction-sections -fdata-sections -Wall -fstack-usage -MMD -MP -MF"Drivers/STM32F4xx_HAL_Driver/Src/stm32f4xx_hal_cortex.d" -MT"Drivers/STM32F4xx_HAL_Driver/Src/stm32f4xx_hal_cortex.o"  -mfpu=fpv4-sp-d16 -mfloat-abi=hard -mthumb -o "Drivers/STM32F4xx_HAL_Driver/Src/stm32f4xx_hal_cortex.o"
arm-none-eabi-gcc "../Drivers/STM32F4xx_HAL_Driver/Src/stm32f4xx_hal_dma.c" -mcpu=cortex-m4 -std=gnu11 -g3 -DQ_EVT_CTOR -DUSE_HAL_DRIVER -DSTM32F4 -DSTM32F411xE -DDEBUG -c -I../Core/Inc -I../Drivers/STM32F4xx_HAL_Driver/Inc -I../Drivers/STM32F4xx_HAL_Driver/Inc/Legacy -I../Drivers/CMSIS/Device/ST/STM32F4xx/Include -I../Drivers/CMSIS/Include -I../Middlewares/Third_Party/FreeRTOS/Source/include -I../Middlewares/Third_Party/FreeRTOS/Source/CMSIS_RTOS -I../Middlewares/Third_Party/FreeRTOS/Source/portable/GCC/ARM_CM4F -I"D:/repos_temp/4WheelCar/src" -I"D:/repos_temp/4WheelCar/src/thirdparty/devices_stm32_hal" -I"D:/repos_temp/4WheelCar/src/thirdparty/MadgwickAHRS/src" -I"D:/repos_temp/4WheelCar/src/thirdparty/mpu9250/src" -I"D:/repos_temp/4WheelCar/src/thirdparty/qpcpp/src" -I"D:/repos_temp/4WheelCar/src/thirdparty/qpcpp/ports/freertos" -I"D:/repos_temp/4WheelCar/src/thirdparty/qpcpp/include" -O2 -ffunction-sections -fdata-sections -Wall -fstack-usage -MMD -MP -MF"Drivers/STM32F4xx_HAL_Driver/Src/stm32f4xx_hal_dma.d" -MT"Drivers/STM32F4xx_HAL_Driver/Src/stm32f4xx_hal_dma.o"  -mfpu=fpv4-sp-d16 -mfloat-abi=hard -mthumb -o "Drivers/STM32F4xx_HAL_Driver/Src/stm32f4xx_hal_dma.o"
arm-none-eabi-gcc "../Drivers/STM32F4xx_HAL_Driver/Src/stm32f4xx_hal_dma_ex.c" -mcpu=cortex-m4 -std=gnu11 -g3 -DQ_EVT_CTOR -DUSE_HAL_DRIVER -DSTM32F4 -DSTM32F411xE -DDEBUG -c -I../Core/Inc -I../Drivers/STM32F4xx_HAL_Driver/Inc -I../Drivers/STM32F4xx_HAL_Driver/Inc/Legacy -I../Drivers/CMSIS/Device/ST/STM32F4xx/Include -I../Drivers/CMSIS/Include -I../Middlewares/Third_Party/FreeRTOS/Source/include -I../Middlewares/Third_Party/FreeRTOS/Source/CMSIS_RTOS -I../Middlewares/Third_Party/FreeRTOS/Source/portable/GCC/ARM_CM4F -I"D:/repos_temp/4WheelCar/src" -I"D:/repos_temp/4WheelCar/src/thirdparty/devices_stm32_hal" -I"D:/repos_temp/4WheelCar/src/thirdparty/MadgwickAHRS/src" -I"D:/repos_temp/4WheelCar/src/thirdparty/mpu9250/src" -I"D:/repos_temp/4WheelCar/src/thirdparty/qpcpp/src" -I"D:/repos_temp/4WheelCar/src/thirdparty/qpcpp/ports/freertos" -I"D:/repos_temp/4WheelCar/src/thirdparty/qpcpp/include" -O2 -ffunction-sections -fdata-sections -Wall -fstack-usage -MMD -MP -MF"Drivers/STM32F4xx_HAL_Driver/Src/stm32f4xx_hal_dma_ex.d" -MT"Drivers/STM32F4xx_HAL_Driver/Src/stm32f4xx_hal_dma_ex.o"  -mfpu=fpv4-sp-d16 -mfloat-abi=hard -mthumb -o "Drivers/STM32F4xx_HAL_Driver/Src/stm32f4xx_hal_dma_ex.o"
arm-none-eabi-gcc "../Drivers/STM32F4xx_HAL_Driver/Src/stm32f4xx_hal_exti.c" -mcpu=cortex-m4 -std=gnu11 -g3 -DQ_EVT_CTOR -DUSE_HAL_DRIVER -DSTM32F4 -DSTM32F411xE -DDEBUG -c -I../Core/Inc -I../Drivers/STM32F4xx_HAL_Driver/Inc -I../Drivers/STM32F4xx_HAL_Driver/Inc/Legacy -I../Drivers/CMSIS/Device/ST/STM32F4xx/Include -I../Drivers/CMSIS/Include -I../Middlewares/Third_Party/FreeRTOS/Source/include -I../Middlewares/Third_Party/FreeRTOS/Source/CMSIS_RTOS -I../Middlewares/Third_Party/FreeRTOS/Source/portable/GCC/ARM_CM4F -I"D:/repos_temp/4WheelCar/src" -I"D:/repos_temp/4WheelCar/src/thirdparty/devices_stm32_hal" -I"D:/repos_temp/4WheelCar/src/thirdparty/MadgwickAHRS/src" -I"D:/repos_temp/4WheelCar/src/thirdparty/mpu9250/src" -I"D:/repos_temp/4WheelCar/src/thirdparty/qpcpp/src" -I"D:/repos_temp/4WheelCar/src/thirdparty/qpcpp/ports/freertos" -I"D:/repos_temp/4WheelCar/src/thirdparty/qpcpp/include" -O2 -ffunction-sections -fdata-sections -Wall -fstack-usage -MMD -MP -MF"Drivers/STM32F4xx_HAL_Driver/Src/stm32f4xx_hal_exti.d" -MT"Drivers/STM32F4xx_HAL_Driver/Src/stm32f4xx_hal_exti.o"  -mfpu=fpv4-sp-d16 -mfloat-abi=hard -mthumb -o "Drivers/STM32F4xx_HAL_Driver/Src/stm32f4xx_hal_exti.o"
arm-none-eabi-gcc "../Drivers/STM32F4xx_HAL_Driver/Src/stm32f4xx_hal_flash.c" -mcpu=cortex-m4 -std=gnu11 -g3 -DQ_EVT_CTOR -DUSE_HAL_DRIVER -DSTM32F4 -DSTM32F411xE -DDEBUG -c -I../Core/Inc -I../Drivers/STM32F4xx_HAL_Driver/Inc -I../Drivers/STM32F4xx_HAL_Driver/Inc/Legacy -I../Drivers/CMSIS/Device/ST/STM32F4xx/Include -I../Drivers/CMSIS/Include -I../Middlewares/Third_Party/FreeRTOS/Source/include -I../Middlewares/Third_Party/FreeRTOS/Source/CMSIS_RTOS -I../Middlewares/Third_Party/FreeRTOS/Source/portable/GCC/ARM_CM4F -I"D:/repos_temp/4WheelCar/src" -I"D:/repos_temp/4WheelCar/src/thirdparty/devices_stm32_hal" -I"D:/repos_temp/4WheelCar/src/thirdparty/MadgwickAHRS/src" -I"D:/repos_temp/4WheelCar/src/thirdparty/mpu9250/src" -I"D:/repos_temp/4WheelCar/src/thirdparty/qpcpp/src" -I"D:/repos_temp/4WheelCar/src/thirdparty/qpcpp/ports/freertos" -I"D:/repos_temp/4WheelCar/src/thirdparty/qpcpp/include" -O2 -ffunction-sections -fdata-sections -Wall -fstack-usage -MMD -MP -MF"Drivers/STM32F4xx_HAL_Driver/Src/stm32f4xx_hal_flash.d" -MT"Drivers/STM32F4xx_HAL_Driver/Src/stm32f4xx_hal_flash.o"  -mfpu=fpv4-sp-d16 -mfloat-abi=hard -mthumb -o "Drivers/STM32F4xx_HAL_Driver/Src/stm32f4xx_hal_flash.o"
arm-none-eabi-gcc "../Drivers/STM32F4xx_HAL_Driver/Src/stm32f4xx_hal_flash_ex.c" -mcpu=cortex-m4 -std=gnu11 -g3 -DQ_EVT_CTOR -DUSE_HAL_DRIVER -DSTM32F4 -DSTM32F411xE -DDEBUG -c -I../Core/Inc -I../Drivers/STM32F4xx_HAL_Driver/Inc -I../Drivers/STM32F4xx_HAL_Driver/Inc/Legacy -I../Drivers/CMSIS/Device/ST/STM32F4xx/Include -I../Drivers/CMSIS/Include -I../Middlewares/Third_Party/FreeRTOS/Source/include -I../Middlewares/Third_Party/FreeRTOS/Source/CMSIS_RTOS -I../Middlewares/Third_Party/FreeRTOS/Source/portable/GCC/ARM_CM4F -I"D:/repos_temp/4WheelCar/src" -I"D:/repos_temp/4WheelCar/src/thirdparty/devices_stm32_hal" -I"D:/repos_temp/4WheelCar/src/thirdparty/MadgwickAHRS/src" -I"D:/repos_temp/4WheelCar/src/thirdparty/mpu9250/src" -I"D:/repos_temp/4WheelCar/src/thirdparty/qpcpp/src" -I"D:/repos_temp/4WheelCar/src/thirdparty/qpcpp/ports/freertos" -I"D:/repos_temp/4WheelCar/src/thirdparty/qpcpp/include" -O2 -ffunction-sections -fdata-sections -Wall -fstack-usage -MMD -MP -MF"Drivers/STM32F4xx_HAL_Driver/Src/stm32f4xx_hal_flash_ex.d" -MT"Drivers/STM32F4xx_HAL_Driver/Src/stm32f4xx_hal_flash_ex.o"  -mfpu=fpv4-sp-d16 -mfloat-abi=hard -mthumb -o "Drivers/STM32F4xx_HAL_Driver/Src/stm32f4xx_hal_flash_ex.o"
arm-none-eabi-gcc "../Drivers/STM32F4xx_HAL_Driver/Src/stm32f4xx_hal_flash_ramfunc.c" -mcpu=cortex-m4 -std=gnu11 -g3 -DQ_EVT_CTOR -DUSE_HAL_DRIVER -DSTM32F4 -DSTM32F411xE -DDEBUG -c -I../Core/Inc -I../Drivers/STM32F4xx_HAL_Driver/Inc -I../Drivers/STM32F4xx_HAL_Driver/Inc/Legacy -I../Drivers/CMSIS/Device/ST/STM32F4xx/Include -I../Drivers/CMSIS/Include -I../Middlewares/Third_Party/FreeRTOS/Source/include -I../Middlewares/Third_Party/FreeRTOS/Source/CMSIS_RTOS -I../Middlewares/Third_Party/FreeRTOS/Source/portable/GCC/ARM_CM4F -I"D:/repos_temp/4WheelCar/src" -I"D:/repos_temp/4WheelCar/src/thirdparty/devices_stm32_hal" -I"D:/repos_temp/4WheelCar/src/thirdparty/MadgwickAHRS/src" -I"D:/repos_temp/4WheelCar/src/thirdparty/mpu9250/src" -I"D:/repos_temp/4WheelCar/src/thirdparty/qpcpp/src" -I"D:/repos_temp/4WheelCar/src/thirdparty/qpcpp/ports/freertos" -I"D:/repos_temp/4WheelCar/src/thirdparty/qpcpp/include" -O2 -ffunction-sections -fdata-sections -Wall -fstack-usage -MMD -MP -MF"Drivers/STM32F4xx_HAL_Driver/Src/stm32f4xx_hal_flash_ramfunc.d" -MT"Drivers/STM32F4xx_HAL_Driver/Src/stm32f4xx_hal_flash_ramfunc.o"  -mfpu=fpv4-sp-d16 -mfloat-abi=hard -mthumb -o "Drivers/STM32F4xx_HAL_Driver/Src/stm32f4xx_hal_flash_ramfunc.o"
arm-none-eabi-gcc "../Drivers/STM32F4xx_HAL_Driver/Src/stm32f4xx_hal_gpio.c" -mcpu=cortex-m4 -std=gnu11 -g3 -DQ_EVT_CTOR -DUSE_HAL_DRIVER -DSTM32F4 -DSTM32F411xE -DDEBUG -c -I../Core/Inc -I../Drivers/STM32F4xx_HAL_Driver/Inc -I../Drivers/STM32F4xx_HAL_Driver/Inc/Legacy -I../Drivers/CMSIS/Device/ST/STM32F4xx/Include -I../Drivers/CMSIS/Include -I../Middlewares/Third_Party/FreeRTOS/Source/include -I../Middlewares/Third_Party/FreeRTOS/Source/CMSIS_RTOS -I../Middlewares/Third_Party/FreeRTOS/Source/portable/GCC/ARM_CM4F -I"D:/repos_temp/4WheelCar/src" -I"D:/repos_temp/4WheelCar/src/thirdparty/devices_stm32_hal" -I"D:/repos_temp/4WheelCar/src/thirdparty/MadgwickAHRS/src" -I"D:/repos_temp/4WheelCar/src/thirdparty/mpu9250/src" -I"D:/repos_temp/4WheelCar/src/thirdparty/qpcpp/src" -I"D:/repos_temp/4WheelCar/src/thirdparty/qpcpp/ports/freertos" -I"D:/repos_temp/4WheelCar/src/thirdparty/qpcpp/include" -O2 -ffunction-sections -fdata-sections -Wall -fstack-usage -MMD -MP -MF"Drivers/STM32F4xx_HAL_Driver/Src/stm32f4xx_hal_gpio.d" -MT"Drivers/STM32F4xx_HAL_Driver/Src/stm32f4xx_hal_gpio.o"  -mfpu=fpv4-sp-d16 -mfloat-abi=hard -mthumb -o "Drivers/STM32F4xx_HAL_Driver/Src/stm32f4xx_hal_gpio.o"
arm-none-eabi-gcc "../Drivers/STM32F4xx_HAL_Driver/Src/stm32f4xx_hal_i2c.c" -mcpu=cortex-m4 -std=gnu11 -g3 -DQ_EVT_CTOR -DUSE_HAL_DRIVER -DSTM32F4 -DSTM32F411xE -DDEBUG -c -I../Core/Inc -I../Drivers/STM32F4xx_HAL_Driver/Inc -I../Drivers/STM32F4xx_HAL_Driver/Inc/Legacy -I../Drivers/CMSIS/Device/ST/STM32F4xx/Include -I../Drivers/CMSIS/Include -I../Middlewares/Third_Party/FreeRTOS/Source/include -I../Middlewares/Third_Party/FreeRTOS/Source/CMSIS_RTOS -I../Middlewares/Third_Party/FreeRTOS/Source/portable/GCC/ARM_CM4F -I"D:/repos_temp/4WheelCar/src" -I"D:/repos_temp/4WheelCar/src/thirdparty/devices_stm32_hal" -I"D:/repos_temp/4WheelCar/src/thirdparty/MadgwickAHRS/src" -I"D:/repos_temp/4WheelCar/src/thirdparty/mpu9250/src" -I"D:/repos_temp/4WheelCar/src/thirdparty/qpcpp/src" -I"D:/repos_temp/4WheelCar/src/thirdparty/qpcpp/ports/freertos" -I"D:/repos_temp/4WheelCar/src/thirdparty/qpcpp/include" -O2 -ffunction-sections -fdata-sections -Wall -fstack-usage -MMD -MP -MF"Drivers/STM32F4xx_HAL_Driver/Src/stm32f4xx_hal_i2c.d" -MT"Drivers/STM32F4xx_HAL_Driver/Src/stm32f4xx_hal_i2c.o"  -mfpu=fpv4-sp-d16 -mfloat-abi=hard -mthumb -o "Drivers/STM32F4xx_HAL_Driver/Src/stm32f4xx_hal_i2c.o"
arm-none-eabi-gcc "../Drivers/STM32F4xx_HAL_Driver/Src/stm32f4xx_hal_i2c_ex.c" -mcpu=cortex-m4 -std=gnu11 -g3 -DQ_EVT_CTOR -DUSE_HAL_DRIVER -DSTM32F4 -DSTM32F411xE -DDEBUG -c -I../Core/Inc -I../Drivers/STM32F4xx_HAL_Driver/Inc -I../Drivers/STM32F4xx_HAL_Driver/Inc/Legacy -I../Drivers/CMSIS/Device/ST/STM32F4xx/Include -I../Drivers/CMSIS/Include -I../Middlewares/Third_Party/FreeRTOS/Source/include -I../Middlewares/Third_Party/FreeRTOS/Source/CMSIS_RTOS -I../Middlewares/Third_Party/FreeRTOS/Source/portable/GCC/ARM_CM4F -I"D:/repos_temp/4WheelCar/src" -I"D:/repos_temp/4WheelCar/src/thirdparty/devices_stm32_hal" -I"D:/repos_temp/4WheelCar/src/thirdparty/MadgwickAHRS/src" -I"D:/repos_temp/4WheelCar/src/thirdparty/mpu9250/src" -I"D:/repos_temp/4WheelCar/src/thirdparty/qpcpp/src" -I"D:/repos_temp/4WheelCar/src/thirdparty/qpcpp/ports/freertos" -I"D:/repos_temp/4WheelCar/src/thirdparty/qpcpp/include" -O2 -ffunction-sections -fdata-sections -Wall -fstack-usage -MMD -MP -MF"Drivers/STM32F4xx_HAL_Driver/Src/stm32f4xx_hal_i2c_ex.d" -MT"Drivers/STM32F4xx_HAL_Driver/Src/stm32f4xx_hal_i2c_ex.o"  -mfpu=fpv4-sp-d16 -mfloat-abi=hard -mthumb -o "Drivers/STM32F4xx_HAL_Driver/Src/stm32f4xx_hal_i2c_ex.o"
arm-none-eabi-gcc "../Drivers/STM32F4xx_HAL_Driver/Src/stm32f4xx_hal_pwr.c" -mcpu=cortex-m4 -std=gnu11 -g3 -DQ_EVT_CTOR -DUSE_HAL_DRIVER -DSTM32F4 -DSTM32F411xE -DDEBUG -c -I../Core/Inc -I../Drivers/STM32F4xx_HAL_Driver/Inc -I../Drivers/STM32F4xx_HAL_Driver/Inc/Legacy -I../Drivers/CMSIS/Device/ST/STM32F4xx/Include -I../Drivers/CMSIS/Include -I../Middlewares/Third_Party/FreeRTOS/Source/include -I../Middlewares/Third_Party/FreeRTOS/Source/CMSIS_RTOS -I../Middlewares/Third_Party/FreeRTOS/Source/portable/GCC/ARM_CM4F -I"D:/repos_temp/4WheelCar/src" -I"D:/repos_temp/4WheelCar/src/thirdparty/devices_stm32_hal" -I"D:/repos_temp/4WheelCar/src/thirdparty/MadgwickAHRS/src" -I"D:/repos_temp/4WheelCar/src/thirdparty/mpu9250/src" -I"D:/repos_temp/4WheelCar/src/thirdparty/qpcpp/src" -I"D:/repos_temp/4WheelCar/src/thirdparty/qpcpp/ports/freertos" -I"D:/repos_temp/4WheelCar/src/thirdparty/qpcpp/include" -O2 -ffunction-sections -fdata-sections -Wall -fstack-usage -MMD -MP -MF"Drivers/STM32F4xx_HAL_Driver/Src/stm32f4xx_hal_pwr.d" -MT"Drivers/STM32F4xx_HAL_Driver/Src/stm32f4xx_hal_pwr.o"  -mfpu=fpv4-sp-d16 -mfloat-abi=hard -mthumb -o "Drivers/STM32F4xx_HAL_Driver/Src/stm32f4xx_hal_pwr.o"
arm-none-eabi-gcc "../Drivers/STM32F4xx_HAL_Driver/Src/stm32f4xx_hal_pwr_ex.c" -mcpu=cortex-m4 -std=gnu11 -g3 -DQ_EVT_CTOR -DUSE_HAL_DRIVER -DSTM32F4 -DSTM32F411xE -DDEBUG -c -I../Core/Inc -I../Drivers/STM32F4xx_HAL_Driver/Inc -I../Drivers/STM32F4xx_HAL_Driver/Inc/Legacy -I../Drivers/CMSIS/Device/ST/STM32F4xx/Include -I../Drivers/CMSIS/Include -I../Middlewares/Third_Party/FreeRTOS/Source/include -I../Middlewares/Third_Party/FreeRTOS/Source/CMSIS_RTOS -I../Middlewares/Third_Party/FreeRTOS/Source/portable/GCC/ARM_CM4F -I"D:/repos_temp/4WheelCar/src" -I"D:/repos_temp/4WheelCar/src/thirdparty/devices_stm32_hal" -I"D:/repos_temp/4WheelCar/src/thirdparty/MadgwickAHRS/src" -I"D:/repos_temp/4WheelCar/src/thirdparty/mpu9250/src" -I"D:/repos_temp/4WheelCar/src/thirdparty/qpcpp/src" -I"D:/repos_temp/4WheelCar/src/thirdparty/qpcpp/ports/freertos" -I"D:/repos_temp/4WheelCar/src/thirdparty/qpcpp/include" -O2 -ffunction-sections -fdata-sections -Wall -fstack-usage -MMD -MP -MF"Drivers/STM32F4xx_HAL_Driver/Src/stm32f4xx_hal_pwr_ex.d" -MT"Drivers/STM32F4xx_HAL_Driver/Src/stm32f4xx_hal_pwr_ex.o"  -mfpu=fpv4-sp-d16 -mfloat-abi=hard -mthumb -o "Drivers/STM32F4xx_HAL_Driver/Src/stm32f4xx_hal_pwr_ex.o"
arm-none-eabi-gcc "../Drivers/STM32F4xx_HAL_Driver/Src/stm32f4xx_hal_rcc.c" -mcpu=cortex-m4 -std=gnu11 -g3 -DQ_EVT_CTOR -DUSE_HAL_DRIVER -DSTM32F4 -DSTM32F411xE -DDEBUG -c -I../Core/Inc -I../Drivers/STM32F4xx_HAL_Driver/Inc -I../Drivers/STM32F4xx_HAL_Driver/Inc/Legacy -I../Drivers/CMSIS/Device/ST/STM32F4xx/Include -I../Drivers/CMSIS/Include -I../Middlewares/Third_Party/FreeRTOS/Source/include -I../Middlewares/Third_Party/FreeRTOS/Source/CMSIS_RTOS -I../Middlewares/Third_Party/FreeRTOS/Source/portable/GCC/ARM_CM4F -I"D:/repos_temp/4WheelCar/src" -I"D:/repos_temp/4WheelCar/src/thirdparty/devices_stm32_hal" -I"D:/repos_temp/4WheelCar/src/thirdparty/MadgwickAHRS/src" -I"D:/repos_temp/4WheelCar/src/thirdparty/mpu9250/src" -I"D:/repos_temp/4WheelCar/src/thirdparty/qpcpp/src" -I"D:/repos_temp/4WheelCar/src/thirdparty/qpcpp/ports/freertos" -I"D:/repos_temp/4WheelCar/src/thirdparty/qpcpp/include" -O2 -ffunction-sections -fdata-sections -Wall -fstack-usage -MMD -MP -MF"Drivers/STM32F4xx_HAL_Driver/Src/stm32f4xx_hal_rcc.d" -MT"Drivers/STM32F4xx_HAL_Driver/Src/stm32f4xx_hal_rcc.o"  -mfpu=fpv4-sp-d16 -mfloat-abi=hard -mthumb -o "Drivers/STM32F4xx_HAL_Driver/Src/stm32f4xx_hal_rcc.o"
arm-none-eabi-gcc "../Drivers/STM32F4xx_HAL_Driver/Src/stm32f4xx_hal_rcc_ex.c" -mcpu=cortex-m4 -std=gnu11 -g3 -DQ_EVT_CTOR -DUSE_HAL_DRIVER -DSTM32F4 -DSTM32F411xE -DDEBUG -c -I../Core/Inc -I../Drivers/STM32F4xx_HAL_Driver/Inc -I../Drivers/STM32F4xx_HAL_Driver/Inc/Legacy -I../Drivers/CMSIS/Device/ST/STM32F4xx/Include -I../Drivers/CMSIS/Include -I../Middlewares/Third_Party/FreeRTOS/Source/include -I../Middlewares/Third_Party/FreeRTOS/Source/CMSIS_RTOS -I../Middlewares/Third_Party/FreeRTOS/Source/portable/GCC/ARM_CM4F -I"D:/repos_temp/4WheelCar/src" -I"D:/repos_temp/4WheelCar/src/thirdparty/devices_stm32_hal" -I"D:/repos_temp/4WheelCar/src/thirdparty/MadgwickAHRS/src" -I"D:/repos_temp/4WheelCar/src/thirdparty/mpu9250/src" -I"D:/repos_temp/4WheelCar/src/thirdparty/qpcpp/src" -I"D:/repos_temp/4WheelCar/src/thirdparty/qpcpp/ports/freertos" -I"D:/repos_temp/4WheelCar/src/thirdparty/qpcpp/include" -O2 -ffunction-sections -fdata-sections -Wall -fstack-usage -MMD -MP -MF"Drivers/STM32F4xx_HAL_Driver/Src/stm32f4xx_hal_rcc_ex.d" -MT"Drivers/STM32F4xx_HAL_Driver/Src/stm32f4xx_hal_rcc_ex.o"  -mfpu=fpv4-sp-d16 -mfloat-abi=hard -mthumb -o "Drivers/STM32F4xx_HAL_Driver/Src/stm32f4xx_hal_rcc_ex.o"
arm-none-eabi-gcc "../Drivers/STM32F4xx_HAL_Driver/Src/stm32f4xx_hal_tim.c" -mcpu=cortex-m4 -std=gnu11 -g3 -DQ_EVT_CTOR -DUSE_HAL_DRIVER -DSTM32F4 -DSTM32F411xE -DDEBUG -c -I../Core/Inc -I../Drivers/STM32F4xx_HAL_Driver/Inc -I../Drivers/STM32F4xx_HAL_Driver/Inc/Legacy -I../Drivers/CMSIS/Device/ST/STM32F4xx/Include -I../Drivers/CMSIS/Include -I../Middlewares/Third_Party/FreeRTOS/Source/include -I../Middlewares/Third_Party/FreeRTOS/Source/CMSIS_RTOS -I../Middlewares/Third_Party/FreeRTOS/Source/portable/GCC/ARM_CM4F -I"D:/repos_temp/4WheelCar/src" -I"D:/repos_temp/4WheelCar/src/thirdparty/devices_stm32_hal" -I"D:/repos_temp/4WheelCar/src/thirdparty/MadgwickAHRS/src" -I"D:/repos_temp/4WheelCar/src/thirdparty/mpu9250/src" -I"D:/repos_temp/4WheelCar/src/thirdparty/qpcpp/src" -I"D:/repos_temp/4WheelCar/src/thirdparty/qpcpp/ports/freertos" -I"D:/repos_temp/4WheelCar/src/thirdparty/qpcpp/include" -O2 -ffunction-sections -fdata-sections -Wall -fstack-usage -MMD -MP -MF"Drivers/STM32F4xx_HAL_Driver/Src/stm32f4xx_hal_tim.d" -MT"Drivers/STM32F4xx_HAL_Driver/Src/stm32f4xx_hal_tim.o"  -mfpu=fpv4-sp-d16 -mfloat-abi=hard -mthumb -o "Drivers/STM32F4xx_HAL_Driver/Src/stm32f4xx_hal_tim.o"
arm-none-eabi-gcc "../Drivers/STM32F4xx_HAL_Driver/Src/stm32f4xx_hal_tim_ex.c" -mcpu=cortex-m4 -std=gnu11 -g3 -DQ_EVT_CTOR -DUSE_HAL_DRIVER -DSTM32F4 -DSTM32F411xE -DDEBUG -c -I../Core/Inc -I../Drivers/STM32F4xx_HAL_Driver/Inc -I../Drivers/STM32F4xx_HAL_Driver/Inc/Legacy -I../Drivers/CMSIS/Device/ST/STM32F4xx/Include -I../Drivers/CMSIS/Include -I../Middlewares/Third_Party/FreeRTOS/Source/include -I../Middlewares/Third_Party/FreeRTOS/Source/CMSIS_RTOS -I../Middlewares/Third_Party/FreeRTOS/Source/portable/GCC/ARM_CM4F -I"D:/repos_temp/4WheelCar/src" -I"D:/repos_temp/4WheelCar/src/thirdparty/devices_stm32_hal" -I"D:/repos_temp/4WheelCar/src/thirdparty/MadgwickAHRS/src" -I"D:/repos_temp/4WheelCar/src/thirdparty/mpu9250/src" -I"D:/repos_temp/4WheelCar/src/thirdparty/qpcpp/src" -I"D:/repos_temp/4WheelCar/src/thirdparty/qpcpp/ports/freertos" -I"D:/repos_temp/4WheelCar/src/thirdparty/qpcpp/include" -O2 -ffunction-sections -fdata-sections -Wall -fstack-usage -MMD -MP -MF"Drivers/STM32F4xx_HAL_Driver/Src/stm32f4xx_hal_tim_ex.d" -MT"Drivers/STM32F4xx_HAL_Driver/Src/stm32f4xx_hal_tim_ex.o"  -mfpu=fpv4-sp-d16 -mfloat-abi=hard -mthumb -o "Drivers/STM32F4xx_HAL_Driver/Src/stm32f4xx_hal_tim_ex.o"
arm-none-eabi-gcc "../Drivers/STM32F4xx_HAL_Driver/Src/stm32f4xx_hal_uart.c" -mcpu=cortex-m4 -std=gnu11 -g3 -DQ_EVT_CTOR -DUSE_HAL_DRIVER -DSTM32F4 -DSTM32F411xE -DDEBUG -c -I../Core/Inc -I../Drivers/STM32F4xx_HAL_Driver/Inc -I../Drivers/STM32F4xx_HAL_Driver/Inc/Legacy -I../Drivers/CMSIS/Device/ST/STM32F4xx/Include -I../Drivers/CMSIS/Include -I../Middlewares/Third_Party/FreeRTOS/Source/include -I../Middlewares/Third_Party/FreeRTOS/Source/CMSIS_RTOS -I../Middlewares/Third_Party/FreeRTOS/Source/portable/GCC/ARM_CM4F -I"D:/repos_temp/4WheelCar/src" -I"D:/repos_temp/4WheelCar/src/thirdparty/devices_stm32_hal" -I"D:/repos_temp/4WheelCar/src/thirdparty/MadgwickAHRS/src" -I"D:/repos_temp/4WheelCar/src/thirdparty/mpu9250/src" -I"D:/repos_temp/4WheelCar/src/thirdparty/qpcpp/src" -I"D:/repos_temp/4WheelCar/src/thirdparty/qpcpp/ports/freertos" -I"D:/repos_temp/4WheelCar/src/thirdparty/qpcpp/include" -O2 -ffunction-sections -fdata-sections -Wall -fstack-usage -MMD -MP -MF"Drivers/STM32F4xx_HAL_Driver/Src/stm32f4xx_hal_uart.d" -MT"Drivers/STM32F4xx_HAL_Driver/Src/stm32f4xx_hal_uart.o"  -mfpu=fpv4-sp-d16 -mfloat-abi=hard -mthumb -o "Drivers/STM32F4xx_HAL_Driver/Src/stm32f4xx_hal_uart.o"
arm-none-eabi-gcc "../Core/Src/freertos.c" -mcpu=cortex-m4 -std=gnu11 -g3 -DQ_EVT_CTOR -DUSE_HAL_DRIVER -DSTM32F4 -DSTM32F411xE -DDEBUG -c -I../Core/Inc -I../Drivers/STM32F4xx_HAL_Driver/Inc -I../Drivers/STM32F4xx_HAL_Driver/Inc/Legacy -I../Drivers/CMSIS/Device/ST/STM32F4xx/Include -I../Drivers/CMSIS/Include -I../Middlewares/Third_Party/FreeRTOS/Source/include -I../Middlewares/Third_Party/FreeRTOS/Source/CMSIS_RTOS -I../Middlewares/Third_Party/FreeRTOS/Source/portable/GCC/ARM_CM4F -I"D:/repos_temp/4WheelCar/src" -I"D:/repos_temp/4WheelCar/src/thirdparty/devices_stm32_hal" -I"D:/repos_temp/4WheelCar/src/thirdparty/MadgwickAHRS/src" -I"D:/repos_temp/4WheelCar/src/thirdparty/mpu9250/src" -I"D:/repos_temp/4WheelCar/src/thirdparty/qpcpp/src" -I"D:/repos_temp/4WheelCar/src/thirdparty/qpcpp/ports/freertos" -I"D:/repos_temp/4WheelCar/src/thirdparty/qpcpp/include" -O2 -ffunction-sections -fdata-sections -Wall -fstack-usage -MMD -MP -MF"Core/Src/freertos.d" -MT"Core/Src/freertos.o"  -mfpu=fpv4-sp-d16 -mfloat-abi=hard -mthumb -o "Core/Src/freertos.o"
arm-none-eabi-gcc "../Core/Src/gpio.c" -mcpu=cortex-m4 -std=gnu11 -g3 -DQ_EVT_CTOR -DUSE_HAL_DRIVER -DSTM32F4 -DSTM32F411xE -DDEBUG -c -I../Core/Inc -I../Drivers/STM32F4xx_HAL_Driver/Inc -I../Drivers/STM32F4xx_HAL_Driver/Inc/Legacy -I../Drivers/CMSIS/Device/ST/STM32F4xx/Include -I../Drivers/CMSIS/Include -I../Middlewares/Third_Party/FreeRTOS/Source/include -I../Middlewares/Third_Party/FreeRTOS/Source/CMSIS_RTOS -I../Middlewares/Third_Party/FreeRTOS/Source/portable/GCC/ARM_CM4F -I"D:/repos_temp/4WheelCar/src" -I"D:/repos_temp/4WheelCar/src/thirdparty/devices_stm32_hal" -I"D:/repos_temp/4WheelCar/src/thirdparty/MadgwickAHRS/src" -I"D:/repos_temp/4WheelCar/src/thirdparty/mpu9250/src" -I"D:/repos_temp/4WheelCar/src/thirdparty/qpcpp/src" -I"D:/repos_temp/4WheelCar/src/thirdparty/qpcpp/ports/freertos" -I"D:/repos_temp/4WheelCar/src/thirdparty/qpcpp/include" -O2 -ffunction-sections -fdata-sections -Wall -fstack-usage -MMD -MP -MF"Core/Src/gpio.d" -MT"Core/Src/gpio.o"  -mfpu=fpv4-sp-d16 -mfloat-abi=hard -mthumb -o "Core/Src/gpio.o"
arm-none-eabi-gcc "../Core/Src/i2c.c" -mcpu=cortex-m4 -std=gnu11 -g3 -DQ_EVT_CTOR -DUSE_HAL_DRIVER -DSTM32F4 -DSTM32F411xE -DDEBUG -c -I../Core/Inc -I../Drivers/STM32F4xx_HAL_Driver/Inc -I../Drivers/STM32F4xx_HAL_Driver/Inc/Legacy -I../Drivers/CMSIS/Device/ST/STM32F4xx/Include -I../Drivers/CMSIS/Include -I../Middlewares/Third_Party/FreeRTOS/Source/include -I../Middlewares/Third_Party/FreeRTOS/Source/CMSIS_RTOS -I../Middlewares/Third_Party/FreeRTOS/Source/portable/GCC/ARM_CM4F -I"D:/repos_temp/4WheelCar/src" -I"D:/repos_temp/4WheelCar/src/thirdparty/devices_stm32_hal" -I"D:/repos_temp/4WheelCar/src/thirdparty/MadgwickAHRS/src" -I"D:/repos_temp/4WheelCar/src/thirdparty/mpu9250/src" -I"D:/repos_temp/4WheelCar/src/thirdparty/qpcpp/src" -I"D:/repos_temp/4WheelCar/src/thirdparty/qpcpp/ports/freertos" -I"D:/repos_temp/4WheelCar/src/thirdparty/qpcpp/include" -O2 -ffunction-sections -fdata-sections -Wall -fstack-usage -MMD -MP -MF"Core/Src/i2c.d" -MT"Core/Src/i2c.o"  -mfpu=fpv4-sp-d16 -mfloat-abi=hard -mthumb -o "Core/Src/i2c.o"
arm-none-eabi-gcc "../Core/Src/main.c" -mcpu=cortex-m4 -std=gnu11 -g3 -DQ_EVT_CTOR -DUSE_HAL_DRIVER -DSTM32F4 -DSTM32F411xE -DDEBUG -c -I../Core/Inc -I../Drivers/STM32F4xx_HAL_Driver/Inc -I../Drivers/STM32F4xx_HAL_Driver/Inc/Legacy -I../Drivers/CMSIS/Device/ST/STM32F4xx/Include -I../Drivers/CMSIS/Include -I../Middlewares/Third_Party/FreeRTOS/Source/include -I../Middlewares/Third_Party/FreeRTOS/Source/CMSIS_RTOS -I../Middlewares/Third_Party/FreeRTOS/Source/portable/GCC/ARM_CM4F -I"D:/repos_temp/4WheelCar/src" -I"D:/repos_temp/4WheelCar/src/thirdparty/devices_stm32_hal" -I"D:/repos_temp/4WheelCar/src/thirdparty/MadgwickAHRS/src" -I"D:/repos_temp/4WheelCar/src/thirdparty/mpu9250/src" -I"D:/repos_temp/4WheelCar/src/thirdparty/qpcpp/src" -I"D:/repos_temp/4WheelCar/src/thirdparty/qpcpp/ports/freertos" -I"D:/repos_temp/4WheelCar/src/thirdparty/qpcpp/include" -O2 -ffunction-sections -fdata-sections -Wall -fstack-usage -MMD -MP -MF"Core/Src/main.d" -MT"Core/Src/main.o"  -mfpu=fpv4-sp-d16 -mfloat-abi=hard -mthumb -o "Core/Src/main.o"
arm-none-eabi-gcc "../Core/Src/stm32f4xx_hal_msp.c" -mcpu=cortex-m4 -std=gnu11 -g3 -DQ_EVT_CTOR -DUSE_HAL_DRIVER -DSTM32F4 -DSTM32F411xE -DDEBUG -c -I../Core/Inc -I../Drivers/STM32F4xx_HAL_Driver/Inc -I../Drivers/STM32F4xx_HAL_Driver/Inc/Legacy -I../Drivers/CMSIS/Device/ST/STM32F4xx/Include -I../Drivers/CMSIS/Include -I../Middlewares/Third_Party/FreeRTOS/Source/include -I../Middlewares/Third_Party/FreeRTOS/Source/CMSIS_RTOS -I../Middlewares/Third_Party/FreeRTOS/Source/portable/GCC/ARM_CM4F -I"D:/repos_temp/4WheelCar/src" -I"D:/repos_temp/4WheelCar/src/thirdparty/devices_stm32_hal" -I"D:/repos_temp/4WheelCar/src/thirdparty/MadgwickAHRS/src" -I"D:/repos_temp/4WheelCar/src/thirdparty/mpu9250/src" -I"D:/repos_temp/4WheelCar/src/thirdparty/qpcpp/src" -I"D:/repos_temp/4WheelCar/src/thirdparty/qpcpp/ports/freertos" -I"D:/repos_temp/4WheelCar/src/thirdparty/qpcpp/include" -O2 -ffunction-sections -fdata-sections -Wall -fstack-usage -MMD -MP -MF"Core/Src/stm32f4xx_hal_msp.d" -MT"Core/Src/stm32f4xx_hal_msp.o"  -mfpu=fpv4-sp-d16 -mfloat-abi=hard -mthumb -o "Core/Src/stm32f4xx_hal_msp.o"
[...]
In file included from D:/repos_temp/4WheelCar/src/IMU.cpp:10:0:
D:/repos_temp/4WheelCar/src/IMU.h: In constructor 'IMU::IMU(MPU9250FIFO*)':
D:/repos_temp/4WheelCar/src/IMU.h:47:15: warning: 'IMU::mpu9250' will be initialized after [-Wreorder]
  MPU9250FIFO *mpu9250;
               ^~~~~~~
D:/repos_temp/4WheelCar/src/IMU.h:38:18: warning:   'QP::QTimeEvt IMU::m_timeEvt' [-Wreorder]
     QP::QTimeEvt m_timeEvt;
                  ^~~~~~~~~
D:/repos_temp/4WheelCar/src/IMU.cpp:16:1: warning:   when initialized here [-Wreorder]
 IMU::IMU(MPU9250FIFO *mpu9250) :
 ^~~
arm-none-eabi-g++ -o "main_stm32f411.elf" @"objects.list"   -mcpu=cortex-m4 -T"D:\repos_temp\4WheelCar\STM32CubeIDE\main_stm32f411\STM32F411CEUX_FLASH.ld" --specs=nosys.specs -Wl,-Map="main_stm32f411.map" -Wl,--gc-sections -static  -mfpu=fpv4-sp-d16 -mfloat-abi=hard -mthumb -u _printf_float -u _scanf_float -Wl,--start-group -lc -lm -lstdc++ -lsupc++ -Wl,--end-group
Finished building target: main_stm32f411.elf
 
arm-none-eabi-objdump -h -S  main_stm32f411.elf  > "main_stm32f411.list"
arm-none-eabi-objcopy  -O binary  main_stm32f411.elf  "main_stm32f411.bin"
arm-none-eabi-size   main_stm32f411.elf 
   text	   data	    bss	    dec	    hex	filename
 104076	   2528	  14608	 121212	  1d97c	main_stm32f411.elf
Finished building: default.size.stdout
 
Finished building: main_stm32f411.bin
 
Finished building: main_stm32f411.list
 
22:11:55 **** Incremental Build of configuration Debug for project main_stm32f411 ****
make -j4 all 
arm-none-eabi-size   main_stm32f411.elf 
   text	   data	    bss	    dec	    hex	filename
 104076	   2528	  14608	 121212	  1d97c	main_stm32f411.elf
Finished building: default.size.stdout
 
22:22:34 **** Incremental Build of configuration Debug for project main_stm32f411 ****
make -j4 all 
arm-none-eabi-g++ "D:/repos_temp/4WheelCar/src/IMU.cpp" -mcpu=cortex-m4 -std=gnu++14 -g3 -DQ_EVT_CTOR -DUSE_HAL_DRIVER -DSTM32F4 -DSTM32F411xE -DDEBUG -c -I../Core/Inc -I../Drivers/STM32F4xx_HAL_Driver/Inc -I../Drivers/STM32F4xx_HAL_Driver/Inc/Legacy -I../Drivers/CMSIS/Device/ST/STM32F4xx/Include -I../Drivers/CMSIS/Include -I../Middlewares/Third_Party/FreeRTOS/Source/include -I../Middlewares/Third_Party/FreeRTOS/Source/CMSIS_RTOS -I../Middlewares/Third_Party/FreeRTOS/Source/portable/GCC/ARM_CM4F -I"D:/repos_temp/4WheelCar/src" -I"D:/repos_temp/4WheelCar/src/thirdparty/devices_stm32_hal" -I"D:/repos_temp/4WheelCar/src/thirdparty/MadgwickAHRS/src" -I"D:/repos_temp/4WheelCar/src/thirdparty/mpu9250/src" -I"D:/repos_temp/4WheelCar/src/thirdparty/qpcpp/src" -I"D:/repos_temp/4WheelCar/src/thirdparty/qpcpp/ports/freertos" -I"D:/repos_temp/4WheelCar/src/thirdparty/qpcpp/include" -O1 -ffunction-sections -fdata-sections -fno-exceptions -fno-rtti -fno-threadsafe-statics -fno-use-cxa-atexit -Wall -fstack-usage -MMD -MP -MF"src/IMU.d" -MT"src/IMU.o"  -mfpu=fpv4-sp-d16 -mfloat-abi=hard -mthumb -o "src/IMU.o"
In file included from D:/repos_temp/4WheelCar/src/IMU.cpp:10:0:
D:/repos_temp/4WheelCar/src/IMU.h: In constructor 'IMU::IMU(MPU9250FIFO*)':
D:/repos_temp/4WheelCar/src/IMU.h:47:15: warning: 'IMU::mpu9250' will be initialized after [-Wreorder]
  MPU9250FIFO *mpu9250;
               ^~~~~~~
D:/repos_temp/4WheelCar/src/IMU.h:38:18: warning:   'QP::QTimeEvt IMU::m_timeEvt' [-Wreorder]
     QP::QTimeEvt m_timeEvt;
                  ^~~~~~~~~
D:/repos_temp/4WheelCar/src/IMU.cpp:16:1: warning:   when initialized here [-Wreorder]
 IMU::IMU(MPU9250FIFO *mpu9250) :
 ^~~
arm-none-eabi-g++ -o "main_stm32f411.elf" @"objects.list"   -mcpu=cortex-m4 -T"D:\repos_temp\4WheelCar\STM32CubeIDE\main_stm32f411\STM32F411CEUX_FLASH.ld" --specs=nosys.specs -Wl,-Map="main_stm32f411.map" -Wl,--gc-sections -static  -mfpu=fpv4-sp-d16 -mfloat-abi=hard -mthumb -u _printf_float -u _scanf_float -Wl,--start-group -lc -lm -lstdc++ -lsupc++ -Wl,--end-group
Finished building target: main_stm32f411.elf
 
arm-none-eabi-objdump -h -S  main_stm32f411.elf  > "main_stm32f411.list"
arm-none-eabi-objcopy  -O binary  main_stm32f411.elf  "main_stm32f411.bin"
arm-none-eabi-size   main_stm32f411.elf 
   text	   data	    bss	    dec	    hex	filename
 104380	   2528	  14608	 121516	  1daac	main_stm32f411.elf
Finished building: default.size.stdout
Finished building: main_stm32f411.bin
 
 
Finished building: main_stm32f411.list
 
22:23:11 **** Incremental Build of configuration Debug for project main_stm32f411 ****
make -j4 all 
arm-none-eabi-g++ "D:/repos_temp/4WheelCar/src/IMU.cpp" -mcpu=cortex-m4 -std=gnu++14 -g3 -DQ_EVT_CTOR -DUSE_HAL_DRIVER -DSTM32F4 -DSTM32F411xE -DDEBUG -c -I../Core/Inc -I../Drivers/STM32F4xx_HAL_Driver/Inc -I../Drivers/STM32F4xx_HAL_Driver/Inc/Legacy -I../Drivers/CMSIS/Device/ST/STM32F4xx/Include -I../Drivers/CMSIS/Include -I../Middlewares/Third_Party/FreeRTOS/Source/include -I../Middlewares/Third_Party/FreeRTOS/Source/CMSIS_RTOS -I../Middlewares/Third_Party/FreeRTOS/Source/portable/GCC/ARM_CM4F -I"D:/repos_temp/4WheelCar/src" -I"D:/repos_temp/4WheelCar/src/thirdparty/devices_stm32_hal" -I"D:/repos_temp/4WheelCar/src/thirdparty/MadgwickAHRS/src" -I"D:/repos_temp/4WheelCar/src/thirdparty/mpu9250/src" -I"D:/repos_temp/4WheelCar/src/thirdparty/qpcpp/src" -I"D:/repos_temp/4WheelCar/src/thirdparty/qpcpp/ports/freertos" -I"D:/repos_temp/4WheelCar/src/thirdparty/qpcpp/include" -O1 -ffunction-sections -fdata-sections -fno-exceptions -fno-rtti -fno-threadsafe-statics -fno-use-cxa-atexit -Wall -fstack-usage -MMD -MP -MF"src/IMU.d" -MT"src/IMU.o"  -mfpu=fpv4-sp-d16 -mfloat-abi=hard -mthumb -o "src/IMU.o"
In file included from D:/repos_temp/4WheelCar/src/IMU.cpp:10:0:
D:/repos_temp/4WheelCar/src/IMU.h: In constructor 'IMU::IMU(MPU9250FIFO*)':
D:/repos_temp/4WheelCar/src/IMU.h:47:15: warning: 'IMU::mpu9250' will be initialized after [-Wreorder]
  MPU9250FIFO *mpu9250;
               ^~~~~~~
D:/repos_temp/4WheelCar/src/IMU.h:38:18: warning:   'QP::QTimeEvt IMU::m_timeEvt' [-Wreorder]
     QP::QTimeEvt m_timeEvt;
                  ^~~~~~~~~
D:/repos_temp/4WheelCar/src/IMU.cpp:16:1: warning:   when initialized here [-Wreorder]
 IMU::IMU(MPU9250FIFO *mpu9250) :
 ^~~
arm-none-eabi-g++ -o "main_stm32f411.elf" @"objects.list"   -mcpu=cortex-m4 -T"D:\repos_temp\4WheelCar\STM32CubeIDE\main_stm32f411\STM32F411CEUX_FLASH.ld" --specs=nosys.specs -Wl,-Map="main_stm32f411.map" -Wl,--gc-sections -static  -mfpu=fpv4-sp-d16 -mfloat-abi=hard -mthumb -u _printf_float -u _scanf_float -Wl,--start-group -lc -lm -lstdc++ -lsupc++ -Wl,--end-group
Finished building target: main_stm32f411.elf
 
arm-none-eabi-objdump -h -S  main_stm32f411.elf  > "main_stm32f411.list"
arm-none-eabi-objcopy  -O binary  main_stm32f411.elf  "main_stm32f411.bin"
arm-none-eabi-size   main_stm32f411.elf 
   text	   data	    bss	    dec	    hex	filename
 104380	   2528	  14608	 121516	  1daac	main_stm32f411.elf
Finished building: default.size.stdout
 
Finished building: main_stm32f411.bin
 
Finished building: main_stm32f411.list
 
22:27:14 **** Incremental Build of configuration Debug for project main_stm32f411 ****
make -j4 all 
arm-none-eabi-g++ "D:/repos_temp/4WheelCar/src/main_app.cpp" -mcpu=cortex-m4 -std=gnu++14 -g3 -DQ_EVT_CTOR -DUSE_HAL_DRIVER -DSTM32F4 -DSTM32F411xE -DDEBUG -c -I../Core/Inc -I../Drivers/STM32F4xx_HAL_Driver/Inc -I../Drivers/STM32F4xx_HAL_Driver/Inc/Legacy -I../Drivers/CMSIS/Device/ST/STM32F4xx/Include -I../Drivers/CMSIS/Include -I../Middlewares/Third_Party/FreeRTOS/Source/include -I../Middlewares/Third_Party/FreeRTOS/Source/CMSIS_RTOS -I../Middlewares/Third_Party/FreeRTOS/Source/portable/GCC/ARM_CM4F -I"D:/repos_temp/4WheelCar/src" -I"D:/repos_temp/4WheelCar/src/thirdparty/devices_stm32_hal" -I"D:/repos_temp/4WheelCar/src/thirdparty/MadgwickAHRS/src" -I"D:/repos_temp/4WheelCar/src/thirdparty/mpu9250/src" -I"D:/repos_temp/4WheelCar/src/thirdparty/qpcpp/src" -I"D:/repos_temp/4WheelCar/src/thirdparty/qpcpp/ports/freertos" -I"D:/repos_temp/4WheelCar/src/thirdparty/qpcpp/include" -O1 -ffunction-sections -fdata-sections -fno-exceptions -fno-rtti -fno-threadsafe-statics -fno-use-cxa-atexit -Wall -fstack-usage -MMD -MP -MF"src/main_app.d" -MT"src/main_app.o"  -mfpu=fpv4-sp-d16 -mfloat-abi=hard -mthumb -o "src/main_app.o"
D:/repos_temp/4WheelCar/src/main_app.cpp: In function 'int __io_putchar(int)':
D:/repos_temp/4WheelCar/src/main_app.cpp:49:1: warning: no return statement in function returning non-void [-Wreturn-type]
 }
 ^
D:/repos_temp/4WheelCar/src/main_app.cpp: In function 'int _write(int, char*, int)':
D:/repos_temp/4WheelCar/src/main_app.cpp:53:43: error: invalid conversion from 'char*' to 'uint8_t* {aka unsigned char*}' [-fpermissive]
  HAL_UART_Transmit(&huart1, ptr, len, 1000);
                                           ^
In file included from ../Core/Inc/stm32f4xx_hal_conf.h:404:0,
                 from ../Drivers/STM32F4xx_HAL_Driver/Inc/stm32f4xx_hal.h:30,
                 from D:/repos_temp/4WheelCar/src/thirdparty/devices_stm32_hal/stm32common_hal.h:15,
                 from D:/repos_temp/4WheelCar/src/thirdparty/devices_stm32_hal/TB6612FNG.h:3,
                 from D:/repos_temp/4WheelCar/src/main_app.cpp:10:
../Drivers/STM32F4xx_HAL_Driver/Inc/stm32f4xx_hal_uart.h:696:19: note:   initializing argument 2 of 'HAL_StatusTypeDef HAL_UART_Transmit(UART_HandleTypeDef*, uint8_t*, uint16_t, uint32_t)'
 HAL_StatusTypeDef HAL_UART_Transmit(UART_HandleTypeDef *huart, uint8_t *pData, uint16_t Size, uint32_t Timeout);
                   ^~~~~~~~~~~~~~~~~
make: *** [src/subdir.mk:33: src/main_app.o] Error 1
"make -j4 all" terminated with exit code 2. Build might be incomplete.
22:27:36 **** Incremental Build of configuration Debug for project main_stm32f411 ****
make -j4 all 
arm-none-eabi-g++ "D:/repos_temp/4WheelCar/src/main_app.cpp" -mcpu=cortex-m4 -std=gnu++14 -g3 -DQ_EVT_CTOR -DUSE_HAL_DRIVER -DSTM32F4 -DSTM32F411xE -DDEBUG -c -I../Core/Inc -I../Drivers/STM32F4xx_HAL_Driver/Inc -I../Drivers/STM32F4xx_HAL_Driver/Inc/Legacy -I../Drivers/CMSIS/Device/ST/STM32F4xx/Include -I../Drivers/CMSIS/Include -I../Middlewares/Third_Party/FreeRTOS/Source/include -I../Middlewares/Third_Party/FreeRTOS/Source/CMSIS_RTOS -I../Middlewares/Third_Party/FreeRTOS/Source/portable/GCC/ARM_CM4F -I"D:/repos_temp/4WheelCar/src" -I"D:/repos_temp/4WheelCar/src/thirdparty/devices_stm32_hal" -I"D:/repos_temp/4WheelCar/src/thirdparty/MadgwickAHRS/src" -I"D:/repos_temp/4WheelCar/src/thirdparty/mpu9250/src" -I"D:/repos_temp/4WheelCar/src/thirdparty/qpcpp/src" -I"D:/repos_temp/4WheelCar/src/thirdparty/qpcpp/ports/freertos" -I"D:/repos_temp/4WheelCar/src/thirdparty/qpcpp/include" -O1 -ffunction-sections -fdata-sections -fno-exceptions -fno-rtti -fno-threadsafe-statics -fno-use-cxa-atexit -Wall -fstack-usage -MMD -MP -MF"src/main_app.d" -MT"src/main_app.o"  -mfpu=fpv4-sp-d16 -mfloat-abi=hard -mthumb -o "src/main_app.o"
D:/repos_temp/4WheelCar/src/main_app.cpp: In function 'int __io_putchar(int)':
D:/repos_temp/4WheelCar/src/main_app.cpp:49:1: warning: no return statement in function returning non-void [-Wreturn-type]
 }
 ^
arm-none-eabi-g++ -o "main_stm32f411.elf" @"objects.list"   -mcpu=cortex-m4 -T"D:\repos_temp\4WheelCar\STM32CubeIDE\main_stm32f411\STM32F411CEUX_FLASH.ld" --specs=nosys.specs -Wl,-Map="main_stm32f411.map" -Wl,--gc-sections -static  -mfpu=fpv4-sp-d16 -mfloat-abi=hard -mthumb -u _printf_float -u _scanf_float -Wl,--start-group -lc -lm -lstdc++ -lsupc++ -Wl,--end-group
Finished building target: main_stm32f411.elf
 
arm-none-eabi-objdump -h -S  main_stm32f411.elf  > "main_stm32f411.list"
arm-none-eabi-objcopy  -O binary  main_stm32f411.elf  "main_stm32f411.bin"
arm-none-eabi-size   main_stm32f411.elf 
   text	   data	    bss	    dec	    hex	filename
 104340	   2528	  14608	 121476	  1da84	main_stm32f411.elf
Finished building: default.size.stdout
 
Finished building: main_stm32f411.bin
 
Finished building: main_stm32f411.list
 
22:44:13 **** Incremental Build of configuration Debug for project main_stm32f411 ****
make -j4 all 
arm-none-eabi-g++ "D:/repos_temp/4WheelCar/src/IMU.cpp" -mcpu=cortex-m4 -std=gnu++14 -g3 -DQ_EVT_CTOR -DUSE_HAL_DRIVER -DSTM32F4 -DSTM32F411xE -DDEBUG -c -I../Core/Inc -I../Drivers/STM32F4xx_HAL_Driver/Inc -I../Drivers/STM32F4xx_HAL_Driver/Inc/Legacy -I../Drivers/CMSIS/Device/ST/STM32F4xx/Include -I../Drivers/CMSIS/Include -I../Middlewares/Third_Party/FreeRTOS/Source/include -I../Middlewares/Third_Party/FreeRTOS/Source/CMSIS_RTOS -I../Middlewares/Third_Party/FreeRTOS/Source/portable/GCC/ARM_CM4F -I"D:/repos_temp/4WheelCar/src" -I"D:/repos_temp/4WheelCar/src/thirdparty/devices_stm32_hal" -I"D:/repos_temp/4WheelCar/src/thirdparty/MadgwickAHRS/src" -I"D:/repos_temp/4WheelCar/src/thirdparty/mpu9250/src" -I"D:/repos_temp/4WheelCar/src/thirdparty/qpcpp/src" -I"D:/repos_temp/4WheelCar/src/thirdparty/qpcpp/ports/freertos" -I"D:/repos_temp/4WheelCar/src/thirdparty/qpcpp/include" -O1 -ffunction-sections -fdata-sections -fno-exceptions -fno-rtti -fno-threadsafe-statics -fno-use-cxa-atexit -Wall -fstack-usage -MMD -MP -MF"src/IMU.d" -MT"src/IMU.o"  -mfpu=fpv4-sp-d16 -mfloat-abi=hard -mthumb -o "src/IMU.o"
In file included from D:/repos_temp/4WheelCar/src/IMU.cpp:10:0:
D:/repos_temp/4WheelCar/src/IMU.h: In constructor 'IMU::IMU(MPU9250FIFO*)':
D:/repos_temp/4WheelCar/src/IMU.h:47:15: warning: 'IMU::mpu9250' will be initialized after [-Wreorder]
  MPU9250FIFO *mpu9250;
               ^~~~~~~
D:/repos_temp/4WheelCar/src/IMU.h:38:18: warning:   'QP::QTimeEvt IMU::m_timeEvt' [-Wreorder]
     QP::QTimeEvt m_timeEvt;
                  ^~~~~~~~~
D:/repos_temp/4WheelCar/src/IMU.cpp:16:1: warning:   when initialized here [-Wreorder]
 IMU::IMU(MPU9250FIFO *mpu9250) :
 ^~~
arm-none-eabi-g++ -o "main_stm32f411.elf" @"objects.list"   -mcpu=cortex-m4 -T"D:\repos_temp\4WheelCar\STM32CubeIDE\main_stm32f411\STM32F411CEUX_FLASH.ld" --specs=nosys.specs -Wl,-Map="main_stm32f411.map" -Wl,--gc-sections -static  -mfpu=fpv4-sp-d16 -mfloat-abi=hard -mthumb -u _printf_float -u _scanf_float -Wl,--start-group -lc -lm -lstdc++ -lsupc++ -Wl,--end-group
Finished building target: main_stm32f411.elf
 
arm-none-eabi-objdump -h -S  main_stm32f411.elf  > "main_stm32f411.list"
arm-none-eabi-objcopy  -O binary  main_stm32f411.elf  "main_stm32f411.bin"
arm-none-eabi-size   main_stm32f411.elf 
   text	   data	    bss	    dec	    hex	filename
 103540	   2528	  14608	 120676	  1d764	main_stm32f411.elf
Finished building: default.size.stdout
 
Finished building: main_stm32f411.bin
 
Finished building: main_stm32f411.list
 
22:49:52 **** Incremental Build of configuration Debug for project main_stm32f411 ****
make -j4 all 
arm-none-eabi-g++ "D:/repos_temp/4WheelCar/src/IMU.cpp" -mcpu=cortex-m4 -std=gnu++14 -g3 -DQ_EVT_CTOR -DUSE_HAL_DRIVER -DSTM32F4 -DSTM32F411xE -DDEBUG -c -I../Core/Inc -I../Drivers/STM32F4xx_HAL_Driver/Inc -I../Drivers/STM32F4xx_HAL_Driver/Inc/Legacy -I../Drivers/CMSIS/Device/ST/STM32F4xx/Include -I../Drivers/CMSIS/Include -I../Middlewares/Third_Party/FreeRTOS/Source/include -I../Middlewares/Third_Party/FreeRTOS/Source/CMSIS_RTOS -I../Middlewares/Third_Party/FreeRTOS/Source/portable/GCC/ARM_CM4F -I"D:/repos_temp/4WheelCar/src" -I"D:/repos_temp/4WheelCar/src/thirdparty/devices_stm32_hal" -I"D:/repos_temp/4WheelCar/src/thirdparty/MadgwickAHRS/src" -I"D:/repos_temp/4WheelCar/src/thirdparty/mpu9250/src" -I"D:/repos_temp/4WheelCar/src/thirdparty/qpcpp/src" -I"D:/repos_temp/4WheelCar/src/thirdparty/qpcpp/ports/freertos" -I"D:/repos_temp/4WheelCar/src/thirdparty/qpcpp/include" -O1 -ffunction-sections -fdata-sections -fno-exceptions -fno-rtti -fno-threadsafe-statics -fno-use-cxa-atexit -Wall -fstack-usage -MMD -MP -MF"src/IMU.d" -MT"src/IMU.o"  -mfpu=fpv4-sp-d16 -mfloat-abi=hard -mthumb -o "src/IMU.o"
In file included from D:/repos_temp/4WheelCar/src/IMU.cpp:10:0:
D:/repos_temp/4WheelCar/src/IMU.h: In constructor 'IMU::IMU(MPU9250FIFO*)':
D:/repos_temp/4WheelCar/src/IMU.h:47:15: warning: 'IMU::mpu9250' will be initialized after [-Wreorder]
  MPU9250FIFO *mpu9250;
               ^~~~~~~
D:/repos_temp/4WheelCar/src/IMU.h:38:18: warning:   'QP::QTimeEvt IMU::m_timeEvt' [-Wreorder]
     QP::QTimeEvt m_timeEvt;
                  ^~~~~~~~~
D:/repos_temp/4WheelCar/src/IMU.cpp:16:1: warning:   when initialized here [-Wreorder]
 IMU::IMU(MPU9250FIFO *mpu9250) :
 ^~~
arm-none-eabi-g++ -o "main_stm32f411.elf" @"objects.list"   -mcpu=cortex-m4 -T"D:\repos_temp\4WheelCar\STM32CubeIDE\main_stm32f411\STM32F411CEUX_FLASH.ld" --specs=nosys.specs -Wl,-Map="main_stm32f411.map" -Wl,--gc-sections -static  -mfpu=fpv4-sp-d16 -mfloat-abi=hard -mthumb -u _printf_float -u _scanf_float -Wl,--start-group -lc -lm -lstdc++ -lsupc++ -Wl,--end-group
Finished building target: main_stm32f411.elf
 
arm-none-eabi-objdump -h -S  main_stm32f411.elf  > "main_stm32f411.list"
arm-none-eabi-objcopy  -O binary  main_stm32f411.elf  "main_stm32f411.bin"
arm-none-eabi-size   main_stm32f411.elf 
   text	   data	    bss	    dec	    hex	filename
 103236	   2528	  14608	 120372	  1d634	main_stm32f411.elf
Finished building: default.size.stdout
 
Finished building: main_stm32f411.bin
 
Finished building: main_stm32f411.list
 
22:54:28 **** Incremental Build of configuration Debug for project main_stm32f411 ****
make -j4 all 
arm-none-eabi-g++ "D:/repos_temp/4WheelCar/src/main_app.cpp" -mcpu=cortex-m4 -std=gnu++14 -g3 -DQ_EVT_CTOR -DUSE_HAL_DRIVER -DSTM32F4 -DSTM32F411xE -DDEBUG -c -I../Core/Inc -I../Drivers/STM32F4xx_HAL_Driver/Inc -I../Drivers/STM32F4xx_HAL_Driver/Inc/Legacy -I../Drivers/CMSIS/Device/ST/STM32F4xx/Include -I../Drivers/CMSIS/Include -I../Middlewares/Third_Party/FreeRTOS/Source/include -I../Middlewares/Third_Party/FreeRTOS/Source/CMSIS_RTOS -I../Middlewares/Third_Party/FreeRTOS/Source/portable/GCC/ARM_CM4F -I"D:/repos_temp/4WheelCar/src" -I"D:/repos_temp/4WheelCar/src/thirdparty/devices_stm32_hal" -I"D:/repos_temp/4WheelCar/src/thirdparty/MadgwickAHRS/src" -I"D:/repos_temp/4WheelCar/src/thirdparty/mpu9250/src" -I"D:/repos_temp/4WheelCar/src/thirdparty/qpcpp/src" -I"D:/repos_temp/4WheelCar/src/thirdparty/qpcpp/ports/freertos" -I"D:/repos_temp/4WheelCar/src/thirdparty/qpcpp/include" -O1 -ffunction-sections -fdata-sections -fno-exceptions -fno-rtti -fno-threadsafe-statics -fno-use-cxa-atexit -Wall -fstack-usage -MMD -MP -MF"src/main_app.d" -MT"src/main_app.o"  -mfpu=fpv4-sp-d16 -mfloat-abi=hard -mthumb -o "src/main_app.o"
D:/repos_temp/4WheelCar/src/main_app.cpp: In function 'int __io_putchar(int)':
D:/repos_temp/4WheelCar/src/main_app.cpp:49:1: warning: no return statement in function returning non-void [-Wreturn-type]
 }
 ^
arm-none-eabi-g++ -o "main_stm32f411.elf" @"objects.list"   -mcpu=cortex-m4 -T"D:\repos_temp\4WheelCar\STM32CubeIDE\main_stm32f411\STM32F411CEUX_FLASH.ld" --specs=nosys.specs -Wl,-Map="main_stm32f411.map" -Wl,--gc-sections -static  -mfpu=fpv4-sp-d16 -mfloat-abi=hard -mthumb -u _printf_float -u _scanf_float -Wl,--start-group -lc -lm -lstdc++ -lsupc++ -Wl,--end-group
Finished building target: main_stm32f411.elf
 
arm-none-eabi-objdump -h -S  main_stm32f411.elf  > "main_stm32f411.list"
arm-none-eabi-objcopy  -O binary  main_stm32f411.elf  "main_stm32f411.bin"
arm-none-eabi-size   main_stm32f411.elf 
   text	   data	    bss	    dec	    hex	filename
 103236	   2528	  14608	 120372	  1d634	main_stm32f411.elf
Finished building: default.size.stdout
Finished building: main_stm32f411.bin
 
 
Finished building: main_stm32f411.list
 
