23:45:51 **** Incremental Build of configuration Debug for project main_stm32f103 ****
make all 
arm-none-eabi-gcc "D:/repos_temp/4WheelCar/src/os_user/stm32f103/board.c" -mcpu=cortex-m3 -std=gnu11 -g3 -DUSE_STDPERIPH_DRIVER -c -I"../../../src/os_user/stm32f103" -I"../../../src/os" -I"../../../src/os/os/common/abstractions/cmsis_os" -I"../../../src/os/os/common/ext/ARM/CMSIS/Core/Include" -I"../../../src/os/os/common/ext/ST/STM32F1xx" -I"../../../src/os/os/common/portability/GCC" -I"../../../src/os/os/common/ports/ARMCMx" -I"../../../src/os/os/common/ports/ARMCMx/compilers/GCC" -I"../../../src/os/os/common/startup/ARMCMx/devices/STM32F1xx" -I"../../../src/os/os/ex/Bosch" -I"../../../src/os/os/ex/include" -I"../../../src/os/os/ex/ST" -I"../../../src/os/os/hal/include" -I"../../../src/os/os/hal/lib/complex/mfs" -I"../../../src/os/os/hal/lib/complex/serial_nor" -I"../../../src/os/os/hal/lib/complex/serial_nor/devices/macronix_mx25" -I"../../../src/os/os/hal/lib/complex/serial_nor/devices/micron_n25q" -I"../../../src/os/os/hal/lib/peripherals/displays" -I"../../../src/os/os/hal/lib/peripherals/flash" -I"../../../src/os/os/hal/lib/peripherals/sensors" -I"../../../src/os/os/hal/lib/streams" -I"../../../src/os/os/hal/osal/rt" -I"../../../src/os/os/hal/ports/common/ARMCMx" -I"../../../src/os/os/hal/ports/STM32/LLD/ADCv4" -I"../../../src/os/os/hal/ports/STM32/LLD/CANv1" -I"../../../src/os/os/hal/ports/STM32/LLD/CRYPv1" -I"../../../src/os/os/hal/ports/STM32/LLD/DACv1" -I"../../../src/os/os/hal/ports/STM32/LLD/DMAv1" -I"../../../src/os/os/hal/ports/STM32/LLD/EXTIv1" -I"../../../src/os/os/hal/ports/STM32/LLD/GPIOv1" -I"../../../src/os/os/hal/ports/STM32/LLD/I2Cv1" -I"../../../src/os/os/hal/ports/STM32/LLD/MACv1" -I"../../../src/os/os/hal/ports/STM32/LLD/OCTOSPIv1" -I"../../../src/os/os/hal/ports/STM32/LLD/QUADSPIv1" -I"../../../src/os/os/hal/ports/STM32/LLD/RNGv1" -I"../../../src/os/os/hal/ports/STM32/LLD/RTCv2" -I"../../../src/os/os/hal/ports/STM32/LLD/SDIOv1" -I"../../../src/os/os/hal/ports/STM32/LLD/SDMMCv1" -I"../../../src/os/os/hal/ports/STM32/LLD/SPIv3" -I"../../../src/os/os/hal/ports/STM32/LLD/TIMv1" -I"../../../src/os/os/hal/ports/STM32/LLD/USARTv1" -I"../../../src/os/os/hal/ports/STM32/LLD/USBv1" -I"../../../src/os/os/hal/ports/STM32/LLD/xWDGv1" -I"../../../src/os/os/hal/ports/STM32/STM32F1xx" -I"../../../src/os/os/license" -I"../../../src/os/os/oslib/include" -I"../../../src/os/os/rt/include" -I"../../../src/os/os/various" -I"../../../src/os/os/various/cpp_wrappers" -I"../../../src/os/os/various/lwip_bindings" -I"../../../src/os/os/various/lwip_bindings/arch" -I"../../../src/os/os/various/reledge_bindings/SAMA5D2x" -I"../../../src/os/os/various/shell" -I"../../../src/os/os/various/wolfssl_bindings" -I"../../../src/third_party_libs/orion/orion_protocol/include" -O0 -ffunction-sections -fdata-sections -Wall -fstack-usage -MMD -MP -MF"src/os_user/board.d" -MT"src/os_user/board.o" --specs=nano.specs -mfloat-abi=soft -mthumb -o "src/os_user/board.o"
arm-none-eabi-g++ "D:/repos_temp/4WheelCar/src/main.cpp" -mcpu=cortex-m3 -std=gnu++11 -g3 -DUSE_STDPERIPH_DRIVER -c -I"../../../src/os_user/stm32f103" -I"../../../src/os" -I"../../../src/os/os/common/abstractions/cmsis_os" -I"../../../src/os/os/common/ext/ARM/CMSIS/Core/Include" -I"../../../src/os/os/common/ext/ST/STM32F1xx" -I"../../../src/os/os/common/portability/GCC" -I"../../../src/os/os/common/ports/ARMCMx" -I"../../../src/os/os/common/ports/ARMCMx/compilers/GCC" -I"../../../src/os/os/common/startup/ARMCMx/devices/STM32F1xx" -I"../../../src/os/os/ex/Bosch" -I"../../../src/os/os/ex/include" -I"../../../src/os/os/ex/ST" -I"../../../src/os/os/hal/include" -I"../../../src/os/os/hal/lib/complex/mfs" -I"../../../src/os/os/hal/lib/complex/serial_nor" -I"../../../src/os/os/hal/lib/complex/serial_nor/devices/macronix_mx25" -I"../../../src/os/os/hal/lib/complex/serial_nor/devices/micron_n25q" -I"../../../src/os/os/hal/lib/peripherals/displays" -I"../../../src/os/os/hal/lib/peripherals/flash" -I"../../../src/os/os/hal/lib/peripherals/sensors" -I"../../../src/os/os/hal/lib/streams" -I"../../../src/os/os/hal/osal/rt" -I"../../../src/os/os/hal/ports/common/ARMCMx" -I"../../../src/os/os/hal/ports/STM32/LLD/ADCv4" -I"../../../src/os/os/hal/ports/STM32/LLD/CANv1" -I"../../../src/os/os/hal/ports/STM32/LLD/CRYPv1" -I"../../../src/os/os/hal/ports/STM32/LLD/DACv1" -I"../../../src/os/os/hal/ports/STM32/LLD/DMAv1" -I"../../../src/os/os/hal/ports/STM32/LLD/EXTIv1" -I"../../../src/os/os/hal/ports/STM32/LLD/GPIOv1" -I"../../../src/os/os/hal/ports/STM32/LLD/I2Cv1" -I"../../../src/os/os/hal/ports/STM32/LLD/MACv1" -I"../../../src/os/os/hal/ports/STM32/LLD/OCTOSPIv1" -I"../../../src/os/os/hal/ports/STM32/LLD/QUADSPIv1" -I"../../../src/os/os/hal/ports/STM32/LLD/RNGv1" -I"../../../src/os/os/hal/ports/STM32/LLD/RTCv2" -I"../../../src/os/os/hal/ports/STM32/LLD/SDIOv1" -I"../../../src/os/os/hal/ports/STM32/LLD/SDMMCv1" -I"../../../src/os/os/hal/ports/STM32/LLD/SPIv3" -I"../../../src/os/os/hal/ports/STM32/LLD/TIMv1" -I"../../../src/os/os/hal/ports/STM32/LLD/USARTv1" -I"../../../src/os/os/hal/ports/STM32/LLD/USBv1" -I"../../../src/os/os/hal/ports/STM32/LLD/xWDGv1" -I"../../../src/os/os/hal/ports/STM32/STM32F1xx" -I"../../../src/os/os/license" -I"../../../src/os/os/oslib/include" -I"../../../src/os/os/rt/include" -I"../../../src/os/os/various" -I"../../../src/os/os/various/cpp_wrappers" -I"../../../src/os/os/various/lwip_bindings" -I"../../../src/os/os/various/lwip_bindings/arch" -I"../../../src/os/os/various/reledge_bindings/SAMA5D2x" -I"../../../src/os/os/various/shell" -I"../../../src/os/os/various/wolfssl_bindings" -I"../../../src/third_party_libs/mpu9250/src" -I"../../../src/third_party_libs/madgwick/src" -I"../../../src/third_party_libs/orion/orion_protocol/include" -O0 -ffunction-sections -fdata-sections -fno-rtti -fno-threadsafe-statics -fno-use-cxa-atexit -Wall -fstack-usage -MMD -MP -MF"src/main.d" -MT"src/main.o" --specs=nano.specs -mfloat-abi=soft -mthumb -o "src/main.o"
In file included from D:/repos_temp/4WheelCar/src/OrionMain.h:7:0,
                 from D:/repos_temp/4WheelCar/src/main.cpp:12:
../../../src/third_party_libs/orion/orion_protocol/include/orion_protocol/orion_frame_transport.h: In constructor 'orion::FrameTransport::FrameTransport(orion::Communication*, orion::Framer*)':
../../../src/third_party_libs/orion/orion_protocol/include/orion_protocol/orion_frame_transport.h:48:18: warning: 'orion::FrameTransport::communication_' will be initialized after [-Wreorder]
   Communication *communication_;
                  ^~~~~~~~~~~~~~
../../../src/third_party_libs/orion/orion_protocol/include/orion_protocol/orion_frame_transport.h:47:11: warning:   'orion::Framer* orion::FrameTransport::framer_' [-Wreorder]
   Framer *framer_;
           ^~~~~~~
../../../src/third_party_libs/orion/orion_protocol/include/orion_protocol/orion_frame_transport.h:39:3: warning:   when initialized here [-Wreorder]
   FrameTransport(Communication *communication, Framer *framer):communication_(communication), framer_(framer) {}
   ^~~~~~~~~~~~~~
arm-none-eabi-g++ -o "main_stm32f103.elf" @"objects.list"   -mcpu=cortex-m3 -T"../../../src/os/os/common/startup/ARMCMx/compilers/GCC/ld/STM32F103xB.ld" --specs=nosys.specs -Wl,-Map="main_stm32f103.map" -Wl,--gc-sections -static -L"../../../src/os/os/common/startup/ARMCMx/compilers/GCC/ld" -Wl,-cref,-u,Reset_Handler,--defsym=__main_stack_size__=0x400,--defsym=__process_stack_size__=0x400 --specs=nano.specs -mfloat-abi=soft -mthumb -Wl,--start-group -lc -lm -lstdc++ -lsupc++ -Wl,--end-group
Finished building target: main_stm32f103.elf
 
arm-none-eabi-objdump -h -S  main_stm32f103.elf  > "main_stm32f103.list"
Finished building: main_stm32f103.list
 
arm-none-eabi-objcopy  -O binary  main_stm32f103.elf  "main_stm32f103.bin"
Finished building: main_stm32f103.bin
 
arm-none-eabi-size   main_stm32f103.elf 
   text	   data	    bss	    dec	    hex	filename
  55974	    192	  20312	  76478	  12abe	main_stm32f103.elf
Finished building: default.size.stdout
 

23:45:58 Build Finished. 0 errors, 3 warnings. (took 6s.735ms)

